Component: ARM Compiler 6.16 Tool: armlink [5dfea300]

==============================================================================

Memory Map of the image

  Image Entry point : 0x08000195

  Load Region LR_IROM1 (Base: 0x08000000, Size: 0x000227ac, Max: 0x00080000, ABSOLUTE, COMPRESSED[0x00022668])

    Execution Region ER_IROM1 (Base: 0x08000000, Size: 0x000225d8, Max: 0x00080000, ABSOLUTE)

    Base Addr    Size         Type   Attr      Idx    E Section Name        Object

    0x08000000   0x00000194   Data   RO        26142    RESET               BUILD/NUCLEO_F401RE/ARMC6/mbed-os/targets/TARGET_STM/TARGET_STM32F4/TARGET_STM32F401xE/device/TOOLCHAIN_ARM_STD/startup_stm32f401xe.o
    0x08000194   0x00000008   Code   RO        30228  * !!!main             /Library/Application Support/Mbed Studio/mbed-studio-tools/ac6/bin/../lib/armlib/c_w.l(__main.o)
    0x0800019c   0x00000034   Code   RO        30844    !!!scatter          /Library/Application Support/Mbed Studio/mbed-studio-tools/ac6/bin/../lib/armlib/c_w.l(__scatter.o)
    0x080001d0   0x0000005a   Code   RO        30842    !!dczerorl2         /Library/Application Support/Mbed Studio/mbed-studio-tools/ac6/bin/../lib/armlib/c_w.l(__dczerorl2.o)
    0x0800022a   0x00000002   PAD
    0x0800022c   0x0000001c   Code   RO        30846    !!handler_zi        /Library/Application Support/Mbed Studio/mbed-studio-tools/ac6/bin/../lib/armlib/c_w.l(__scatter_zi.o)
    0x08000248   0x00000000   Code   RO        30094    .ARM.Collect$$_printf_percent$$00000000  /Library/Application Support/Mbed Studio/mbed-studio-tools/ac6/bin/../lib/armlib/c_w.l(_printf_percent.o)
    0x08000248   0x00000006   Code   RO        30086    .ARM.Collect$$_printf_percent$$00000001  /Library/Application Support/Mbed Studio/mbed-studio-tools/ac6/bin/../lib/armlib/c_w.l(_printf_n.o)
    0x0800024e   0x00000006   Code   RO        30088    .ARM.Collect$$_printf_percent$$00000002  /Library/Application Support/Mbed Studio/mbed-studio-tools/ac6/bin/../lib/armlib/c_w.l(_printf_p.o)
    0x08000254   0x00000006   Code   RO        30093    .ARM.Collect$$_printf_percent$$00000003  /Library/Application Support/Mbed Studio/mbed-studio-tools/ac6/bin/../lib/armlib/c_w.l(_printf_f.o)
    0x0800025a   0x00000006   Code   RO        30416    .ARM.Collect$$_printf_percent$$00000004  /Library/Application Support/Mbed Studio/mbed-studio-tools/ac6/bin/../lib/armlib/c_w.l(_printf_e.o)
    0x08000260   0x00000006   Code   RO        30417    .ARM.Collect$$_printf_percent$$00000005  /Library/Application Support/Mbed Studio/mbed-studio-tools/ac6/bin/../lib/armlib/c_w.l(_printf_g.o)
    0x08000266   0x00000006   Code   RO        30418    .ARM.Collect$$_printf_percent$$00000006  /Library/Application Support/Mbed Studio/mbed-studio-tools/ac6/bin/../lib/armlib/c_w.l(_printf_a.o)
    0x0800026c   0x0000000a   Code   RO        30423    .ARM.Collect$$_printf_percent$$00000007  /Library/Application Support/Mbed Studio/mbed-studio-tools/ac6/bin/../lib/armlib/c_w.l(_printf_ll.o)
    0x08000276   0x00000006   Code   RO        30090    .ARM.Collect$$_printf_percent$$00000008  /Library/Application Support/Mbed Studio/mbed-studio-tools/ac6/bin/../lib/armlib/c_w.l(_printf_i.o)
    0x0800027c   0x00000006   Code   RO        30091    .ARM.Collect$$_printf_percent$$00000009  /Library/Application Support/Mbed Studio/mbed-studio-tools/ac6/bin/../lib/armlib/c_w.l(_printf_d.o)
    0x08000282   0x00000006   Code   RO        30092    .ARM.Collect$$_printf_percent$$0000000A  /Library/Application Support/Mbed Studio/mbed-studio-tools/ac6/bin/../lib/armlib/c_w.l(_printf_u.o)
    0x08000288   0x00000006   Code   RO        30089    .ARM.Collect$$_printf_percent$$0000000B  /Library/Application Support/Mbed Studio/mbed-studio-tools/ac6/bin/../lib/armlib/c_w.l(_printf_o.o)
    0x0800028e   0x00000006   Code   RO        30087    .ARM.Collect$$_printf_percent$$0000000C  /Library/Application Support/Mbed Studio/mbed-studio-tools/ac6/bin/../lib/armlib/c_w.l(_printf_x.o)
    0x08000294   0x00000006   Code   RO        30420    .ARM.Collect$$_printf_percent$$0000000D  /Library/Application Support/Mbed Studio/mbed-studio-tools/ac6/bin/../lib/armlib/c_w.l(_printf_lli.o)
    0x0800029a   0x00000006   Code   RO        30421    .ARM.Collect$$_printf_percent$$0000000E  /Library/Application Support/Mbed Studio/mbed-studio-tools/ac6/bin/../lib/armlib/c_w.l(_printf_lld.o)
    0x080002a0   0x00000006   Code   RO        30422    .ARM.Collect$$_printf_percent$$0000000F  /Library/Application Support/Mbed Studio/mbed-studio-tools/ac6/bin/../lib/armlib/c_w.l(_printf_llu.o)
    0x080002a6   0x00000006   Code   RO        30426    .ARM.Collect$$_printf_percent$$00000010  /Library/Application Support/Mbed Studio/mbed-studio-tools/ac6/bin/../lib/armlib/c_w.l(_printf_llo.o)
    0x080002ac   0x00000006   Code   RO        30427    .ARM.Collect$$_printf_percent$$00000011  /Library/Application Support/Mbed Studio/mbed-studio-tools/ac6/bin/../lib/armlib/c_w.l(_printf_llx.o)
[...]
    0x08020384   0x00000054   Data   RO        26130    .rodata.PinMap_SPI_SCLK  BUILD/NUCLEO_F401RE/ARMC6/mbed-os/targets/TARGET_STM/TARGET_STM32F4/TARGET_STM32F401xE/TARGET_NUCLEO_F401RE/PeripheralPins.o
    0x080203d8   0x00000054   Data   RO        26131    .rodata.PinMap_SPI_SSEL  BUILD/NUCLEO_F401RE/ARMC6/mbed-os/targets/TARGET_STM/TARGET_STM32F4/TARGET_STM32F401xE/TARGET_NUCLEO_F401RE/PeripheralPins.o
    0x0802042c   0x00000048   Data   RO        26125    .rodata.PinMap_UART_RX  BUILD/NUCLEO_F401RE/ARMC6/mbed-os/targets/TARGET_STM/TARGET_STM32F4/TARGET_STM32F401xE/TARGET_NUCLEO_F401RE/PeripheralPins.o
    0x08020474   0x00000048   Data   RO        26124    .rodata.PinMap_UART_TX  BUILD/NUCLEO_F401RE/ARMC6/mbed-os/targets/TARGET_STM/TARGET_STM32F4/TARGET_STM32F401xE/TARGET_NUCLEO_F401RE/PeripheralPins.o
    0x080204bc   0x00000024   Data   RO        24456    .rodata._ZL12lp_interface  BUILD/NUCLEO_F401RE/ARMC6/mbed-os/hal/mbed_lp_ticker_wrapper.o
    0x080204e0   0x00000014   Data   RO        29866    .rodata._ZL9PEER_NAME  BUILD/NUCLEO_F401RE/ARMC6/source/main.o
    0x080204f4   0x00000001   Data   RO         2403    .rodata._ZN3bleL25LEGACY_ADVERTISING_HANDLEE  BUILD/NUCLEO_F401RE/ARMC6/mbed-os/features/FEATURE_BLE/targets/TARGET_CORDIO/source/CordioImplementations.o
    0x080204f5   0x00000001   Data   RO        30319    .rodata._ZSt7nothrow  /Library/Application Support/Mbed Studio/mbed-studio-tools/ac6/bin/../lib/libcxx/libcpp_w.l(new.cpp.o)
    0x080204f6   0x00000002   PAD
    0x080204f8   0x0000005c   Data   RO        25175    .rodata._ZTV12DirectSerial  BUILD/NUCLEO_F401RE/ARMC6/mbed-os/platform/mbed_retarget.o
    0x08020554   0x00000010   Data   RO         4136    .rodata._ZTV38CallChainOfFunctionPointersWithContextIN3ble9interface9LegacyGapINS0_7generic10GenericGapINS0_3pal6vendor6cordio3GapENS5_15SecurityManagerINS7_21CordioSecurityManagerINS3_22GenericSecurityManagerISA_NS0_6vendor6cordio19SigningEventMonitorEEEEESF_EESF_EEE15TimeoutSource_tEE  BUILD/NUCLEO_F401RE/ARMC6/mbed-os/features/FEATURE_BLE/targets/TARGET_CORDIO/source/CordioImplementations.o
    0x08020564   0x00000010   Data   RO         2205    .rodata._ZTV38CallChainOfFunctionPointersWithContextIPK21GattHVXCallbackParamsE  BUILD/NUCLEO_F401RE/ARMC6/mbed-os/features/FEATURE_BLE/targets/TARGET_CORDIO/source/CordioBLE.o
    0x08020574   0x00000010   Data   RO         2207    .rodata._ZTV38CallChainOfFunctionPointersWithContextIPK22GattReadCallbackParamsE  BUILD/NUCLEO_F401RE/ARMC6/mbed-os/features/FEATURE_BLE/targets/TARGET_CORDIO/source/CordioBLE.o
    0x08020584   0x00000010   Data   RO         2206    .rodata._ZTV38CallChainOfFunctionPointersWithContextIPK23GattWriteCallbackParamsE  BUILD/NUCLEO_F401RE/ARMC6/mbed-os/features/FEATURE_BLE/targets/TARGET_CORDIO/source/CordioBLE.o
    0x08020594   0x00000010   Data   RO         2204    .rodata._ZTV38CallChainOfFunctionPointersWithContextIPKN3ble9interface10GattClientINS0_7generic17GenericGattClientINS0_3pal6vendor6cordio16CordioGattClientENS3_22GenericSecurityManagerINS7_21CordioSecurityManagerENS0_6vendor6cordio19SigningEventMonitorEEEEEEEE  BUILD/NUCLEO_F401RE/ARMC6/mbed-os/features/FEATURE_BLE/targets/TARGET_CORDIO/source/CordioBLE.o
    0x080205a4   0x00000010   Data   RO         2385    .rodata._ZTV38CallChainOfFunctionPointersWithContextIPKN3ble9interface10GattServerINS0_6vendor6cordio10GattServerEEEE  BUILD/NUCLEO_F401RE/ARMC6/mbed-os/features/FEATURE_BLE/targets/TARGET_CORDIO/source/CordioGattServer.o
    0x080205b4   0x00000010   Data   RO         2213    .rodata._ZTV38CallChainOfFunctionPointersWithContextIPKN3ble9interface15SecurityManagerINS0_7generic22GenericSecurityManagerINS0_3pal6vendor6cordio21CordioSecurityManagerENS0_6vendor6cordio19SigningEventMonitorEEEEEE  BUILD/NUCLEO_F401RE/ARMC6/mbed-os/features/FEATURE_BLE/targets/TARGET_CORDIO/source/CordioBLE.o
    0x080205c4   0x00000010   Data   RO         4135    .rodata._ZTV38CallChainOfFunctionPointersWithContextIPKN3ble9interface9LegacyGapINS0_7generic10GenericGapINS0_3pal6vendor6cordio3GapENS5_15SecurityManagerINS7_21CordioSecurityManagerINS3_22GenericSecurityManagerISA_NS0_6vendor6cordio19SigningEventMonitorEEEEESF_EESF_EEE26ConnectionCallbackParams_tEE  BUILD/NUCLEO_F401RE/ARMC6/mbed-os/features/FEATURE_BLE/targets/TARGET_CORDIO/source/CordioImplementations.o
    0x080205d4   0x00000010   Data   RO         4134    .rodata._ZTV38CallChainOfFunctionPointersWithContextIPKN3ble9interface9LegacyGapINS0_7generic10GenericGapINS0_3pal6vendor6cordio3GapENS5_15SecurityManagerINS7_21CordioSecurityManagerINS3_22GenericSecurityManagerISA_NS0_6vendor6cordio19SigningEventMonitorEEEEESF_EESF_EEE29DisconnectionCallbackParams_tEE  BUILD/NUCLEO_F401RE/ARMC6/mbed-os/features/FEATURE_BLE/targets/TARGET_CORDIO/source/CordioImplementations.o
    0x080205e4   0x00000010   Data   RO         4133    .rodata._ZTV38CallChainOfFunctionPointersWithContextIPKN3ble9interface9LegacyGapINS0_7generic10GenericGapINS0_3pal6vendor6cordio3GapENS5_15SecurityManagerINS7_21CordioSecurityManagerINS3_22GenericSecurityManagerISA_NS0_6vendor6cordio19SigningEventMonitorEEEEESF_EESF_EEEEE  BUILD/NUCLEO_F401RE/ARMC6/mbed-os/features/FEATURE_BLE/targets/TARGET_CORDIO/source/CordioImplementations.o
    0x080205f4   0x00000010   Data   RO         2386    .rodata._ZTV38CallChainOfFunctionPointersWithContextIjE  BUILD/NUCLEO_F401RE/ARMC6/mbed-os/features/FEATURE_BLE/targets/TARGET_CORDIO/source/CordioGattServer.o
    0x08020604   0x00000040   Data   RO        29910    .rodata._ZTV6Client  BUILD/NUCLEO_F401RE/ARMC6/source/main.o
    0x08020644   0x00000018   Data   RO         4258    .rodata._ZTVN3ble3pal27SimpleAttReadByTypeResponseE  BUILD/NUCLEO_F401RE/ARMC6/mbed-os/features/FEATURE_BLE/targets/TARGET_CORDIO/source/CordioPalAttClient.o
    0x0802065c   0x00000018   Data   RO         4257    .rodata._ZTVN3ble3pal32SimpleAttFindByTypeValueResponseE  BUILD/NUCLEO_F401RE/ARMC6/mbed-os/features/FEATURE_BLE/targets/TARGET_CORDIO/source/CordioPalAttClient.o
    0x08020674   0x00000018   Data   RO         4256    .rodata._ZTVN3ble3pal32SimpleAttFindInformationResponseE  BUILD/NUCLEO_F401RE/ARMC6/mbed-os/features/FEATURE_BLE/targets/TARGET_CORDIO/source/CordioPalAttClient.o
    0x0802068c   0x00000018   Data   RO         4259    .rodata._ZTVN3ble3pal32SimpleAttReadByGroupTypeResponseE  BUILD/NUCLEO_F401RE/ARMC6/mbed-os/features/FEATURE_BLE/targets/TARGET_CORDIO/source/CordioPalAttClient.o
    0x080206a4   0x0000002c   Data   RO         2203    .rodata._ZTVN3ble3pal6vendor6cordio20GenericAccessServiceE  BUILD/NUCLEO_F401RE/ARMC6/mbed-os/features/FEATURE_BLE/targets/TARGET_CORDIO/source/CordioBLE.o
    0x080206d0   0x00000014   Data   RO         4119    .rodata._ZTVN3ble3pal6vendor6cordio21CordioSecurityManagerINS_7generic22GenericSecurityManagerIS3_NS_6vendor6cordio19SigningEventMonitorEEEE34PrivacyAddDevToResListControlBlockE  BUILD/NUCLEO_F401RE/ARMC6/mbed-os/features/FEATURE_BLE/targets/TARGET_CORDIO/source/CordioImplementations.o
    0x080206e4   0x00000018   Data   RO         4125    .rodata._ZTVN3ble3pal6vendor6cordio3GapINS_7generic10GenericGapIS3_NS0_15SecurityManagerINS2_21CordioSecurityManagerINS4_22GenericSecurityManagerIS7_NS_6vendor6cordio19SigningEventMonitorEEEEESC_EESC_EEE36GapAdvertisingReportMessageConverter31CordioGapAdvertisingReportEventE  BUILD/NUCLEO_F401RE/ARMC6/mbed-os/features/FEATURE_BLE/targets/TARGET_CORDIO/source/CordioImplementations.o
    0x080206fc   0x0000002c   Data   RO         1957    .rodata._ZTVN3ble6vendor6cordio15CordioHCIDriverE  BUILD/NUCLEO_F401RE/ARMC6/mbed-os/features/FEATURE_BLE/targets/TARGET_CORDIO/driver/CordioHCIDriver.o
    0x08020728   0x0000000c   Data   RO         2202    .rodata._ZTVN3ble6vendor6cordio16SimpleEventQueueE  BUILD/NUCLEO_F401RE/ARMC6/mbed-os/features/FEATURE_BLE/targets/TARGET_CORDIO/source/CordioBLE.o
    0x08020734   0x00000044   Data   RO         2065    .rodata._ZTVN3ble6vendor6cordio3BLEE  BUILD/NUCLEO_F401RE/ARMC6/mbed-os/features/FEATURE_BLE/targets/TARGET_CORDIO/source/CordioBLE.o
    0x08020778   0x0000001c   Data   RO        29834    .rodata._ZTVN3ble6vendor7bluenrg15TransportDriverE  BUILD/NUCLEO_F401RE/ARMC6/shields/TARGET_CORDIO_BLUENRG/BlueNrgHCIDriver.o
    0x08020794   0x0000002c   Data   RO        29838    .rodata._ZTVN3ble6vendor7bluenrg9HCIDriverE  BUILD/NUCLEO_F401RE/ARMC6/shields/TARGET_CORDIO_BLUENRG/BlueNrgHCIDriver.o
    0x080207c0   0x0000001c   Data   RO         4112    .rodata._ZTVN3ble7generic17GenericGattClientINS_3pal6vendor6cordio16CordioGattClientENS0_22GenericSecurityManagerINS4_21CordioSecurityManagerENS_6vendor6cordio19SigningEventMonitorEEEE16ReadControlBlockE  BUILD/NUCLEO_F401RE/ARMC6/mbed-os/features/FEATURE_BLE/targets/TARGET_CORDIO/source/CordioImplementations.o
    0x080207dc   0x0000001c   Data   RO         4113    .rodata._ZTVN3ble7generic17GenericGattClientINS_3pal6vendor6cordio16CordioGattClientENS0_22GenericSecurityManagerINS4_21CordioSecurityManagerENS_6vendor6cordio19SigningEventMonitorEEEE17WriteControlBlockE  BUILD/NUCLEO_F401RE/ARMC6/mbed-os/features/FEATURE_BLE/targets/TARGET_CORDIO/source/CordioImplementations.o
    0x080207f8   0x0000001c   Data   RO         4111    .rodata._ZTVN3ble7generic17GenericGattClientINS_3pal6vendor6cordio16CordioGattClientENS0_22GenericSecurityManagerINS4_21CordioSecurityManagerENS_6vendor6cordio19SigningEventMonitorEEEE21DiscoveryControlBlockE  BUILD/NUCLEO_F401RE/ARMC6/mbed-os/features/FEATURE_BLE/targets/TARGET_CORDIO/source/CordioImplementations.o
    0x08020814   0x00000040   Data   RO         2214    .rodata._ZTVN3ble9interface15SecurityManagerINS_7generic22GenericSecurityManagerINS_3pal6vendor6cordio21CordioSecurityManagerENS_6vendor6cordio19SigningEventMonitorEEEE18LegacyEventHandlerE  BUILD/NUCLEO_F401RE/ARMC6/mbed-os/features/FEATURE_BLE/targets/TARGET_CORDIO/source/CordioBLE.o
    0x08020854   0x0000005c   Data   RO        24660    .rodata._ZTVN4mbed10FileHandleE  BUILD/NUCLEO_F401RE/ARMC6/mbed-os/platform/FileHandle.o
    0x080208b0   0x00000018   Data   RO         1226    .rodata._ZTVN4mbed10SerialBaseE  BUILD/NUCLEO_F401RE/ARMC6/mbed-os/drivers/SerialBase.o
    0x080208c8   0x00000014   Data   RO         1302    .rodata._ZTVN4mbed10TimerEventE  BUILD/NUCLEO_F401RE/ARMC6/mbed-os/drivers/TimerEvent.o
    0x080208dc   0x00000010   Data   RO          902    .rodata._ZTVN4mbed11InterruptInE  BUILD/NUCLEO_F401RE/ARMC6/mbed-os/drivers/InterruptIn.o
    0x080208ec   0x00000014   Data   RO         4132    .rodata._ZTVN4mbed14LowPowerTickerE  BUILD/NUCLEO_F401RE/ARMC6/mbed-os/features/FEATURE_BLE/targets/TARGET_CORDIO/source/CordioImplementations.o
    0x08020900   0x00000014   Data   RO         2210    .rodata._ZTVN4mbed15LowPowerTimeoutE  BUILD/NUCLEO_F401RE/ARMC6/mbed-os/features/FEATURE_BLE/targets/TARGET_CORDIO/source/CordioBLE.o
    0x08020914   0x00000020   Data   RO         1085    .rodata._ZTVN4mbed3SPIE  BUILD/NUCLEO_F401RE/ARMC6/mbed-os/drivers/SPI.o
    0x08020934   0x0000009c   Data   RO         1135    .rodata._ZTVN4mbed6SerialE  BUILD/NUCLEO_F401RE/ARMC6/mbed-os/drivers/Serial.o
    0x080209d0   0x0000007c   Data   RO        24751    .rodata._ZTVN4mbed6StreamE  BUILD/NUCLEO_F401RE/ARMC6/mbed-os/platform/Stream.o
    0x08020a4c   0x00000014   Data   RO         1246    .rodata._ZTVN4mbed6TickerE  BUILD/NUCLEO_F401RE/ARMC6/mbed-os/drivers/Ticker.o
    0x08020a60   0x00000014   Data   RO         1253    .rodata._ZTVN4mbed7TimeoutE  BUILD/NUCLEO_F401RE/ARMC6/mbed-os/drivers/Timeout.o
    0x08020a74   0x00000010   Data   RO        24655    .rodata._ZTVN4mbed8FileBaseE  BUILD/NUCLEO_F401RE/ARMC6/mbed-os/platform/FileBase.o
    0x08020a84   0x00000010   Data   RO        26116    .rodata._ZTVN4rtos6ThreadE  BUILD/NUCLEO_F401RE/ARMC6/mbed-os/rtos/Thread.o
    0x08020a94   0x00000018   Data   RO         4124    .rodata._ZZN3ble3pal6vendor6cordio3GapINS_7generic10GenericGapIS3_NS0_15SecurityManagerINS2_21CordioSecurityManagerINS4_22GenericSecurityManagerIS7_NS_6vendor6cordio19SigningEventMonitorEEEEESC_EESC_EEE11gap_handlerEPK11wsfMsgHdr_tE8handlers  BUILD/NUCLEO_F401RE/ARMC6/mbed-os/features/FEATURE_BLE/targets/TARGET_CORDIO/source/CordioImplementations.o
    0x08020aac   0x00000014   Data   RO         1959    .rodata._ZZN3ble6vendor6cordio15CordioHCIDriver35get_default_buffer_pool_descriptionEvE9pool_desc  BUILD/NUCLEO_F401RE/ARMC6/mbed-os/features/FEATURE_BLE/targets/TARGET_CORDIO/driver/CordioHCIDriver.o
    0x08020ac0   0x0000000f   Data   RO         2070    .rodata._ZZN3ble6vendor6cordio3BLE10getVersionEvE7version  BUILD/NUCLEO_F401RE/ARMC6/mbed-os/features/FEATURE_BLE/targets/TARGET_CORDIO/source/CordioBLE.o
    0x08020acf   0x00000005   Data   RO        29836    .rodata._ZZN3ble6vendor7bluenrg15TransportDriver7spiReadEPhtE13header_master  BUILD/NUCLEO_F401RE/ARMC6/shields/TARGET_CORDIO_BLUENRG/BlueNrgHCIDriver.o
    0x08020ad4   0x00000005   Data   RO        29837    .rodata._ZZN3ble6vendor7bluenrg15TransportDriver8spiWriteEhPKhtE13header_master  BUILD/NUCLEO_F401RE/ARMC6/shields/TARGET_CORDIO_BLUENRG/BlueNrgHCIDriver.o
    0x08020ad9   0x00000003   PAD
    0x08020adc   0x0000000c   Data   RO         4142    .rodata._ZZN4mbed8CallbackIFvPvPKN3ble7generic19SecurityEntryKeys_tEEE8generateINS8_14method_contextINS3_22GenericSecurityManagerINS2_3pal6vendor6cordio21CordioSecurityManagerENS2_6vendor6cordio19SigningEventMonitorEEEMSJ_FvS1_S6_EEEEEvRKT_E3ops  BUILD/NUCLEO_F401RE/ARMC6/mbed-os/features/FEATURE_BLE/targets/TARGET_CORDIO/source/CordioImplementations.o
    0x08020ae8   0x0000000c   Data   RO         4140    .rodata._ZZN4mbed8CallbackIFvPvPKN3ble7generic22SecurityEntrySigning_tEEE8generateINS8_14method_contextINS3_22GenericSecurityManagerINS2_3pal6vendor6cordio21CordioSecurityManagerENS2_6vendor6cordio19SigningEventMonitorEEEMSJ_FvS1_S6_EEEEEvRKT_E3ops  BUILD/NUCLEO_F401RE/ARMC6/mbed-os/features/FEATURE_BLE/targets/TARGET_CORDIO/source/CordioImplementations.o
    0x08020af4   0x0000000c   Data   RO         4143    .rodata._ZZN4mbed8CallbackIFvPvPKN3ble7generic23SecurityEntryIdentity_tEEE8generateINS8_14method_contextINS3_22GenericSecurityManagerINS2_3pal6vendor6cordio21CordioSecurityManagerENS2_6vendor6cordio19SigningEventMonitorEEEMSJ_FvS1_S6_EEEEEvRKT_E3ops  BUILD/NUCLEO_F401RE/ARMC6/mbed-os/features/FEATURE_BLE/targets/TARGET_CORDIO/source/CordioImplementations.o
    0x08020b00   0x0000000c   Data   RO         4144    .rodata._ZZN4mbed8CallbackIFvRKN3ble3pal8GapEventEEE8generateINS7_14method_contextINS1_7generic10GenericGapINS2_6vendor6cordio3GapENS2_15SecurityManagerINSD_21CordioSecurityManagerINSA_22GenericSecurityManagerISG_NS1_6vendor6cordio19SigningEventMonitorEEEEESL_EESL_EEMSO_FvS5_EEEEEvRKT_E3ops  BUILD/NUCLEO_F401RE/ARMC6/mbed-os/features/FEATURE_BLE/targets/TARGET_CORDIO/source/CordioImplementations.o
    0x08020b0c   0x0000000c   Data   RO         2212    .rodata._ZZN4mbed8CallbackIFvjEE8generateINS2_14method_contextIN3ble3pal10GattClientINS6_28AttClientToGattClientAdapterINS6_6vendor6cordio15CordioAttClientENS5_7generic17GenericGattClientINSA_16CordioGattClientENSC_22GenericSecurityManagerINSA_21CordioSecurityManagerENS5_6vendor6cordio19SigningEventMonitorEEEEEEESL_EEMSN_FvjEEEEEvRKT_E3ops  BUILD/NUCLEO_F401RE/ARMC6/mbed-os/features/FEATURE_BLE/targets/TARGET_CORDIO/source/CordioBLE.o
    0x08020b18   0x0000000c   Data   RO         4138    .rodata._ZZN4mbed8CallbackIFvjEE8generateINS2_14method_contextIN3ble7generic17GenericGattClientINS5_3pal6vendor6cordio16CordioGattClientENS6_22GenericSecurityManagerINSA_21CordioSecurityManagerENS5_6vendor6cordio19SigningEventMonitorEEEEEMSI_FvjEEEEEvRKT_E3ops  BUILD/NUCLEO_F401RE/ARMC6/mbed-os/features/FEATURE_BLE/targets/TARGET_CORDIO/source/CordioImplementations.o
    0x08020b24   0x0000000c   Data   RO         4137    .rodata._ZZN4mbed8CallbackIFvjRKN3ble3pal16AttServerMessageEEE8generateINS7_14method_contextINS1_7generic17GenericGattClientINS2_6vendor6cordio16CordioGattClientENSA_22GenericSecurityManagerINSD_21CordioSecurityManagerENS1_6vendor6cordio19SigningEventMonitorEEEEEMSL_FvjS5_EEEEEvRKT_E3ops  BUILD/NUCLEO_F401RE/ARMC6/mbed-os/features/FEATURE_BLE/targets/TARGET_CORDIO/source/CordioImplementations.o
    0x08020b30   0x0000000c   Data   RO         2211    .rodata._ZZN4mbed8CallbackIFvjRKN3ble3pal16AttServerMessageEEE8generateINS7_14method_contextINS2_10GattClientINS2_28AttClientToGattClientAdapterINS2_6vendor6cordio15CordioAttClientENS1_7generic17GenericGattClientINSD_16CordioGattClientENSF_22GenericSecurityManagerINSD_21CordioSecurityManagerENS1_6vendor6cordio19SigningEventMonitorEEEEEEESO_EEMSQ_FvjS5_EEEEEvRKT_E3ops  BUILD/NUCLEO_F401RE/ARMC6/mbed-os/features/FEATURE_BLE/targets/TARGET_CORDIO/source/CordioBLE.o
    0x08020b3c   0x0000000c   Data   RO        24388    .rodata._ZZN4mbed8CallbackIFvvEE8generateINS2_14method_contextI21LowPowerTickerWrapperMS5_FvvEEEEEvRKT_E3ops  BUILD/NUCLEO_F401RE/ARMC6/mbed-os/hal/LowPowerTickerWrapper.o
    0x08020b48   0x0000000c   Data   RO        29912    .rodata._ZZN4mbed8CallbackIFvvEE8generateINS2_14method_contextI3BLEMS5_FvvEEEEEvRKT_E3ops  BUILD/NUCLEO_F401RE/ARMC6/source/main.o
    0x08020b54   0x0000000c   Data   RO        29911    .rodata._ZZN4mbed8CallbackIFvvEE8generateINS2_14method_contextI6ClientMS5_FvvEEEEEvRKT_E3ops  BUILD/NUCLEO_F401RE/ARMC6/source/main.o
    0x08020b60   0x0000000c   Data   RO        29835    .rodata._ZZN4mbed8CallbackIFvvEE8generateINS2_14method_contextIN3ble6vendor7bluenrg15TransportDriverEMS8_FvvEEEEEvRKT_E3ops  BUILD/NUCLEO_F401RE/ARMC6/shields/TARGET_CORDIO_BLUENRG/BlueNrgHCIDriver.o
    0x08020b6c   0x0000000c   Data   RO         4145    .rodata._ZZN4mbed8CallbackIFvvEE8generateINS2_14method_contextIN3ble7generic10GenericGapINS5_3pal6vendor6cordio3GapENS8_15SecurityManagerINSA_21CordioSecurityManagerINS6_22GenericSecurityManagerISD_NS5_6vendor6cordio19SigningEventMonitorEEEEESI_EESI_EEMSL_FvvEEEEEvRKT_E3ops  BUILD/NUCLEO_F401RE/ARMC6/mbed-os/features/FEATURE_BLE/targets/TARGET_CORDIO/source/CordioImplementations.o
    0x08020b78   0x0000000c   Data   RO          111    .rodata._ZZN4mbed8CallbackIFvvEE8generateIPS1_EEvRKT_E3ops  BUILD/NUCLEO_F401RE/ARMC6/mbed-os/components/802.15.4_RF/atmel-rf-driver/source/NanostackRfPhyAtmel.o
    0x08020b84   0x00000008   Data   RO        25171    .rodata.__stderr_name  BUILD/NUCLEO_F401RE/ARMC6/mbed-os/platform/mbed_retarget.o
    0x08020b8c   0x00000007   Data   RO        25169    .rodata.__stdin_name  BUILD/NUCLEO_F401RE/ARMC6/mbed-os/platform/mbed_retarget.o
    0x08020b93   0x00000008   Data   RO        25170    .rodata.__stdout_name  BUILD/NUCLEO_F401RE/ARMC6/mbed-os/platform/mbed_retarget.o
    0x08020b9b   0x00000002   Data   RO         4831    .rodata.attApChUuid  BUILD/NUCLEO_F401RE/ARMC6/mbed-os/features/FEATURE_BLE/targets/TARGET_CORDIO/stack/ble-host/sources/stack/att/att_uuid.o
    0x08020b9d   0x00000002   Data   RO         4820    .rodata.attChUuid   BUILD/NUCLEO_F401RE/ARMC6/mbed-os/features/FEATURE_BLE/targets/TARGET_CORDIO/stack/ble-host/sources/stack/att/att_uuid.o
    0x08020b9f   0x00000002   Data   RO         4823    .rodata.attCliChCfgUuid  BUILD/NUCLEO_F401RE/ARMC6/mbed-os/features/FEATURE_BLE/targets/TARGET_CORDIO/stack/ble-host/sources/stack/att/att_uuid.o
    0x08020ba1   0x00000002   Data   RO         4830    .rodata.attDnChUuid  BUILD/NUCLEO_F401RE/ARMC6/mbed-os/features/FEATURE_BLE/targets/TARGET_CORDIO/stack/ble-host/sources/stack/att/att_uuid.o
    0x08020ba3   0x00000001   PAD
    0x08020ba4   0x00000010   Data   RO         4788    .rodata.attFcnDefault  BUILD/NUCLEO_F401RE/ARMC6/mbed-os/features/FEATURE_BLE/targets/TARGET_CORDIO/stack/ble-host/sources/stack/att/att_main.o
    0x08020bb4   0x00000002   Data   RO         4793    .rodata.attGapSvcUuid  BUILD/NUCLEO_F401RE/ARMC6/mbed-os/features/FEATURE_BLE/targets/TARGET_CORDIO/stack/ble-host/sources/stack/att/att_uuid.o
    0x08020bb6   0x00000002   Data   RO         4936    .rodata.attGattDbhChUuid  BUILD/NUCLEO_F401RE/ARMC6/mbed-os/features/FEATURE_BLE/targets/TARGET_CORDIO/stack/ble-host/sources/stack/att/att_uuid.o
    0x08020bb8   0x00000002   Data   RO         4794    .rodata.attGattSvcUuid  BUILD/NUCLEO_F401RE/ARMC6/mbed-os/features/FEATURE_BLE/targets/TARGET_CORDIO/stack/ble-host/sources/stack/att/att_uuid.o
    0x08020bba   0x00000002   Data   RO         4834    .rodata.attPpcpChUuid  BUILD/NUCLEO_F401RE/ARMC6/mbed-os/features/FEATURE_BLE/targets/TARGET_CORDIO/stack/ble-host/sources/stack/att/att_uuid.o
    0x08020bbc   0x00000002   Data   RO         4817    .rodata.attPrimSvcUuid  BUILD/NUCLEO_F401RE/ARMC6/mbed-os/features/FEATURE_BLE/targets/TARGET_CORDIO/stack/ble-host/sources/stack/att/att_uuid.o
    0x08020bbe   0x00000002   Data   RO         4835    .rodata.attScChUuid  BUILD/NUCLEO_F401RE/ARMC6/mbed-os/features/FEATURE_BLE/targets/TARGET_CORDIO/stack/ble-host/sources/stack/att/att_uuid.o
    0x08020bc0   0x00000010   Data   RO         5005    .rodata.attcFcnIf   BUILD/NUCLEO_F401RE/ARMC6/mbed-os/features/FEATURE_BLE/targets/TARGET_CORDIO/stack/ble-host/sources/stack/att/attc_main.o
    0x08020bd0   0x00000034   Data   RO         5003    .rodata.attcSendReqTbl  BUILD/NUCLEO_F401RE/ARMC6/mbed-os/features/FEATURE_BLE/targets/TARGET_CORDIO/stack/ble-host/sources/stack/att/attc_main.o
    0x08020c04   0x00000008   Data   RO         5062    .rodata.attcSignFcnIf  BUILD/NUCLEO_F401RE/ARMC6/mbed-os/features/FEATURE_BLE/targets/TARGET_CORDIO/stack/ble-host/sources/stack/att/attc_sign.o
    0x08020c0c   0x00000010   Data   RO         5204    .rodata.attsFcnIf   BUILD/NUCLEO_F401RE/ARMC6/mbed-os/features/FEATURE_BLE/targets/TARGET_CORDIO/stack/ble-host/sources/stack/att/atts_main.o
    0x08020c1c   0x00000010   Data   RO         5160    .rodata.attsIndFcnIf  BUILD/NUCLEO_F401RE/ARMC6/mbed-os/features/FEATURE_BLE/targets/TARGET_CORDIO/stack/ble-host/sources/stack/att/atts_ind.o
    0x08020c2c   0x00000010   Data   RO         6859    .rodata.calc128Zeros  BUILD/NUCLEO_F401RE/ARMC6/mbed-os/features/FEATURE_BLE/targets/TARGET_CORDIO/stack/wsf/sources/util/calc128.o
    0x08020c3c   0x0000000c   Data   RO         5407    .rodata.dmAdvFcnIf  BUILD/NUCLEO_F401RE/ARMC6/mbed-os/features/FEATURE_BLE/targets/TARGET_CORDIO/stack/ble-host/sources/stack/dm/dm_adv_ae.o
    0x08020c48   0x0000000c   Data   RO         5445    .rodata.dmAdvFcnIf  BUILD/NUCLEO_F401RE/ARMC6/mbed-os/features/FEATURE_BLE/targets/TARGET_CORDIO/stack/ble-host/sources/stack/dm/dm_adv_leg.o
    0x08020c54   0x0000000c   Data   RO         5546    .rodata.dmConn2FcnIf  BUILD/NUCLEO_F401RE/ARMC6/mbed-os/features/FEATURE_BLE/targets/TARGET_CORDIO/stack/ble-host/sources/stack/dm/dm_conn.o
    0x08020c60   0x00000018   Data   RO         5547    .rodata.dmConnActSetMain  BUILD/NUCLEO_F401RE/ARMC6/mbed-os/features/FEATURE_BLE/targets/TARGET_CORDIO/stack/ble-host/sources/stack/dm/dm_conn.o
    0x08020c78   0x00000010   Data   RO         5614    .rodata.dmConnActSetMaster  BUILD/NUCLEO_F401RE/ARMC6/mbed-os/features/FEATURE_BLE/targets/TARGET_CORDIO/stack/ble-host/sources/stack/dm/dm_conn_master_ae.o
    0x08020c88   0x00000010   Data   RO         5621    .rodata.dmConnActSetMaster  BUILD/NUCLEO_F401RE/ARMC6/mbed-os/features/FEATURE_BLE/targets/TARGET_CORDIO/stack/ble-host/sources/stack/dm/dm_conn_master_leg.o
    0x08020c98   0x00000018   Data   RO         5646    .rodata.dmConnActSetSlave  BUILD/NUCLEO_F401RE/ARMC6/mbed-os/features/FEATURE_BLE/targets/TARGET_CORDIO/stack/ble-host/sources/stack/dm/dm_conn_slave_ae.o
    0x08020cb0   0x00000018   Data   RO         5659    .rodata.dmConnActSetSlave  BUILD/NUCLEO_F401RE/ARMC6/mbed-os/features/FEATURE_BLE/targets/TARGET_CORDIO/stack/ble-host/sources/stack/dm/dm_conn_slave_leg.o
    0x08020cc8   0x0000000c   Data   RO         5545    .rodata.dmConnFcnIf  BUILD/NUCLEO_F401RE/ARMC6/mbed-os/features/FEATURE_BLE/targets/TARGET_CORDIO/stack/ble-host/sources/stack/dm/dm_conn.o
    0x08020cd4   0x0000000c   Data   RO         5544    .rodata.dmConnSpecDefaults  BUILD/NUCLEO_F401RE/ARMC6/mbed-os/features/FEATURE_BLE/targets/TARGET_CORDIO/stack/ble-host/sources/stack/dm/dm_conn.o
    0x08020ce0   0x00000082   Data   RO         5664    .rodata.dmConnStateTbl  BUILD/NUCLEO_F401RE/ARMC6/mbed-os/features/FEATURE_BLE/targets/TARGET_CORDIO/stack/ble-host/sources/stack/dm/dm_conn_sm.o
    0x08020d62   0x00000002   PAD
    0x08020d64   0x0000000c   Data   RO         5696    .rodata.dmDevFcnIf  BUILD/NUCLEO_F401RE/ARMC6/mbed-os/features/FEATURE_BLE/targets/TARGET_CORDIO/stack/ble-host/sources/stack/dm/dm_dev.o
    0x08020d70   0x0000000c   Data   RO         5770    .rodata.dmFcnDefault  BUILD/NUCLEO_F401RE/ARMC6/mbed-os/features/FEATURE_BLE/targets/TARGET_CORDIO/stack/ble-host/sources/stack/dm/dm_main.o
    0x08020d7c   0x00000044   Data   RO         5774    .rodata.dmHciToIdTbl  BUILD/NUCLEO_F401RE/ARMC6/mbed-os/features/FEATURE_BLE/targets/TARGET_CORDIO/stack/ble-host/sources/stack/dm/dm_main.o
    0x08020dc0   0x0000000c   Data   RO         5408    .rodata.dmPerAdvFcnIf  BUILD/NUCLEO_F401RE/ARMC6/mbed-os/features/FEATURE_BLE/targets/TARGET_CORDIO/stack/ble-host/sources/stack/dm/dm_adv_ae.o
    0x08020dcc   0x0000000c   Data   RO         5816    .rodata.dmPhyFcnIf  BUILD/NUCLEO_F401RE/ARMC6/mbed-os/features/FEATURE_BLE/targets/TARGET_CORDIO/stack/ble-host/sources/stack/dm/dm_phy.o
    0x08020dd8   0x0000000c   Data   RO         5866    .rodata.dmPrivFcnIf  BUILD/NUCLEO_F401RE/ARMC6/mbed-os/features/FEATURE_BLE/targets/TARGET_CORDIO/stack/ble-host/sources/stack/dm/dm_priv.o
    0x08020de4   0x0000000c   Data   RO         5898    .rodata.dmScanFcnIf  BUILD/NUCLEO_F401RE/ARMC6/mbed-os/features/FEATURE_BLE/targets/TARGET_CORDIO/stack/ble-host/sources/stack/dm/dm_scan_ae.o
    0x08020df0   0x0000000c   Data   RO         5919    .rodata.dmScanFcnIf  BUILD/NUCLEO_F401RE/ARMC6/mbed-os/features/FEATURE_BLE/targets/TARGET_CORDIO/stack/ble-host/sources/stack/dm/dm_scan_leg.o
    0x08020dfc   0x0000000c   Data   RO         5946    .rodata.dmSecFcnIf  BUILD/NUCLEO_F401RE/ARMC6/mbed-os/features/FEATURE_BLE/targets/TARGET_CORDIO/stack/ble-host/sources/stack/dm/dm_sec.o
    0x08020e08   0x0000000c   Data   RO         5974    .rodata.dmSecLescFcnIf  BUILD/NUCLEO_F401RE/ARMC6/mbed-os/features/FEATURE_BLE/targets/TARGET_CORDIO/stack/ble-host/sources/stack/dm/dm_sec_lesc.o
    0x08020e14   0x00000024   Data   RO         6039    .rodata.dmSyncAct   BUILD/NUCLEO_F401RE/ARMC6/mbed-os/features/FEATURE_BLE/targets/TARGET_CORDIO/stack/ble-host/sources/stack/dm/dm_sync_ae.o
    0x08020e38   0x0000000c   Data   RO         6040    .rodata.dmSyncFcnIf  BUILD/NUCLEO_F401RE/ARMC6/mbed-os/features/FEATURE_BLE/targets/TARGET_CORDIO/stack/ble-host/sources/stack/dm/dm_sync_ae.o
    0x08020e44   0x00000038   Data   RO         6038    .rodata.dmSyncStateTbl  BUILD/NUCLEO_F401RE/ARMC6/mbed-os/features/FEATURE_BLE/targets/TARGET_CORDIO/stack/ble-host/sources/stack/dm/dm_sync_ae.o
    0x08020e7c   0x00000008   Data   RO         4293    .rodata.hciEventMask  BUILD/NUCLEO_F401RE/ARMC6/mbed-os/features/FEATURE_BLE/targets/TARGET_CORDIO/stack/ble-host/sources/hci/common/hci_core.o
    0x08020e84   0x00000008   Data   RO         4295    .rodata.hciEventMaskPage2  BUILD/NUCLEO_F401RE/ARMC6/mbed-os/features/FEATURE_BLE/targets/TARGET_CORDIO/stack/ble-host/sources/hci/common/hci_core.o
    0x08020e8c   0x00000044   Data   RO         4681    .rodata.hciEvtCbackLen  BUILD/NUCLEO_F401RE/ARMC6/mbed-os/features/FEATURE_BLE/targets/TARGET_CORDIO/stack/ble-host/sources/hci/dual_chip/hci_evt.o
    0x08020ed0   0x00000110   Data   RO         4682    .rodata.hciEvtParseFcnTbl  BUILD/NUCLEO_F401RE/ARMC6/mbed-os/features/FEATURE_BLE/targets/TARGET_CORDIO/stack/ble-host/sources/hci/dual_chip/hci_evt.o
    0x08020fe0   0x00000008   Data   RO         4294    .rodata.hciLeEventMask  BUILD/NUCLEO_F401RE/ARMC6/mbed-os/features/FEATURE_BLE/targets/TARGET_CORDIO/stack/ble-host/sources/hci/common/hci_core.o
    0x08020fe8   0x00000040   Data   RO        28542    .rodata.ll_pin_defines  BUILD/NUCLEO_F401RE/ARMC6/mbed-os/targets/TARGET_STM/pinmap.o
    0x08021028   0x00000008   Data   RO        24423    .rodata.lp_data     BUILD/NUCLEO_F401RE/ARMC6/mbed-os/hal/mbed_lp_ticker_api.o
    0x08021030   0x00000024   Data   RO        24425    .rodata.lp_interface  BUILD/NUCLEO_F401RE/ARMC6/mbed-os/hal/mbed_lp_ticker_api.o
    0x08021054   0x00000008   Data   RO        28529    .rodata.lp_ticker_get_info.info  BUILD/NUCLEO_F401RE/ARMC6/mbed-os/targets/TARGET_STM/lp_ticker.o
    0x0802105c   0x00000004   Data   RO        24767    .rodata.mbed_fault_context  BUILD/NUCLEO_F401RE/ARMC6/mbed-os/platform/TARGET_CORTEX_M/mbed_fault_handler.o
    0x08021060   0x00000004   Data   RO        25678    .rodata.osRtxUserSVC  BUILD/NUCLEO_F401RE/ARMC6/mbed-os/rtos/TARGET_CORTEX/rtx5/RTX/Source/rtx_lib.o
    0x08021064   0x00000024   Data   RO        25673    .rodata.os_idle_thread_attr  BUILD/NUCLEO_F401RE/ARMC6/mbed-os/rtos/TARGET_CORTEX/rtx5/RTX/Source/rtx_lib.o
    0x08021088   0x00000018   Data   RO        25675    .rodata.os_timer_mq_attr  BUILD/NUCLEO_F401RE/ARMC6/mbed-os/rtos/TARGET_CORTEX/rtx5/RTX/Source/rtx_lib.o
    0x080210a0   0x00000024   Data   RO        25674    .rodata.os_timer_thread_attr  BUILD/NUCLEO_F401RE/ARMC6/mbed-os/rtos/TARGET_CORTEX/rtx5/RTX/Source/rtx_lib.o
    0x080210c4   0x000000c0   Data   RO        28316    .rodata.pin_lines_desc  BUILD/NUCLEO_F401RE/ARMC6/mbed-os/targets/TARGET_STM/TARGET_STM32F4/gpio_irq_device.o
    0x08021184   0x0000000f   Data   RO         6284    .rodata.smpPktLenTbl  BUILD/NUCLEO_F401RE/ARMC6/mbed-os/features/FEATURE_BLE/targets/TARGET_CORDIO/stack/ble-host/sources/stack/smp/smp_main.o
    0x08021193   0x00000004   Data   RO         6336    .rodata.smpScF5Key  BUILD/NUCLEO_F401RE/ARMC6/mbed-os/features/FEATURE_BLE/targets/TARGET_CORDIO/stack/ble-host/sources/stack/smp/smp_sc_act.o
    0x08021197   0x00000001   PAD
    0x08021198   0x00000064   Data   RO         6497    .rodata.smpiActionTbl  BUILD/NUCLEO_F401RE/ARMC6/mbed-os/features/FEATURE_BLE/targets/TARGET_CORDIO/stack/ble-host/sources/stack/smp/smpi_sm.o
    0x080211fc   0x000000cc   Data   RO         6449    .rodata.smpiScActionTbl  BUILD/NUCLEO_F401RE/ARMC6/mbed-os/features/FEATURE_BLE/targets/TARGET_CORDIO/stack/ble-host/sources/stack/smp/smpi_sc_sm.o
    0x080212c8   0x0000000c   Data   RO         6451    .rodata.smpiScSmIf  BUILD/NUCLEO_F401RE/ARMC6/mbed-os/features/FEATURE_BLE/targets/TARGET_CORDIO/stack/ble-host/sources/stack/smp/smpi_sc_sm.o
    0x080212d4   0x00000098   Data   RO         6448    .rodata.smpiScStateTbl  BUILD/NUCLEO_F401RE/ARMC6/mbed-os/features/FEATURE_BLE/targets/TARGET_CORDIO/stack/ble-host/sources/stack/smp/smpi_sc_sm.o
    0x0802136c   0x00000018   Data   RO         6489    .rodata.smpiScStateTblAttempts  BUILD/NUCLEO_F401RE/ARMC6/mbed-os/features/FEATURE_BLE/targets/TARGET_CORDIO/stack/ble-host/sources/stack/smp/smpi_sc_sm.o
    0x08021384   0x0000000c   Data   RO         6458    .rodata.smpiScStateTblAuthSelect  BUILD/NUCLEO_F401RE/ARMC6/mbed-os/features/FEATURE_BLE/targets/TARGET_CORDIO/stack/ble-host/sources/stack/smp/smpi_sc_sm.o
    0x08021390   0x00000006   Data   RO         6472    .rodata.smpiScStateTblCalcDHKey  BUILD/NUCLEO_F401RE/ARMC6/mbed-os/features/FEATURE_BLE/targets/TARGET_CORDIO/stack/ble-host/sources/stack/smp/smpi_sc_sm.o
    0x08021396   0x00000006   Data   RO         6475    .rodata.smpiScStateTblCalcF5LTK  BUILD/NUCLEO_F401RE/ARMC6/mbed-os/features/FEATURE_BLE/targets/TARGET_CORDIO/stack/ble-host/sources/stack/smp/smpi_sc_sm.o
    0x0802139c   0x00000006   Data   RO         6474    .rodata.smpiScStateTblCalcF5MacKey  BUILD/NUCLEO_F401RE/ARMC6/mbed-os/features/FEATURE_BLE/targets/TARGET_CORDIO/stack/ble-host/sources/stack/smp/smpi_sc_sm.o
    0x080213a2   0x00000009   Data   RO         6473    .rodata.smpiScStateTblCalcF5TKey  BUILD/NUCLEO_F401RE/ARMC6/mbed-os/features/FEATURE_BLE/targets/TARGET_CORDIO/stack/ble-host/sources/stack/smp/smpi_sc_sm.o
    0x080213ab   0x00000006   Data   RO         6480    .rodata.smpiScStateTblCnfCalc1  BUILD/NUCLEO_F401RE/ARMC6/mbed-os/features/FEATURE_BLE/targets/TARGET_CORDIO/stack/ble-host/sources/stack/smp/smpi_sc_sm.o
    0x080213b1   0x00000006   Data   RO         6481    .rodata.smpiScStateTblCnfCalc2  BUILD/NUCLEO_F401RE/ARMC6/mbed-os/features/FEATURE_BLE/targets/TARGET_CORDIO/stack/ble-host/sources/stack/smp/smpi_sc_sm.o
    0x080213b7   0x00000006   Data   RO         6484    .rodata.smpiScStateTblCnfVerCalc1  BUILD/NUCLEO_F401RE/ARMC6/mbed-os/features/FEATURE_BLE/targets/TARGET_CORDIO/stack/ble-host/sources/stack/smp/smpi_sc_sm.o
    0x080213bd   0x00000006   Data   RO         6485    .rodata.smpiScStateTblCnfVerCalc2  BUILD/NUCLEO_F401RE/ARMC6/mbed-os/features/FEATURE_BLE/targets/TARGET_CORDIO/stack/ble-host/sources/stack/smp/smpi_sc_sm.o
    0x080213c3   0x0000000f   Data   RO         6450    .rodata.smpiScStateTblCommon  BUILD/NUCLEO_F401RE/ARMC6/mbed-os/features/FEATURE_BLE/targets/TARGET_CORDIO/stack/ble-host/sources/stack/smp/smpi_sc_sm.o
    0x080213d2   0x00000006   Data   RO         6476    .rodata.smpiScStateTblDhCalcF6Ea  BUILD/NUCLEO_F401RE/ARMC6/mbed-os/features/FEATURE_BLE/targets/TARGET_CORDIO/stack/ble-host/sources/stack/smp/smpi_sc_sm.o
    0x080213d8   0x00000006   Data   RO         6477    .rodata.smpiScStateTblDhCalcF6Eb  BUILD/NUCLEO_F401RE/ARMC6/mbed-os/features/FEATURE_BLE/targets/TARGET_CORDIO/stack/ble-host/sources/stack/smp/smpi_sc_sm.o
    0x080213de   0x00000012   Data   RO         6487    .rodata.smpiScStateTblEncrypt  BUILD/NUCLEO_F401RE/ARMC6/mbed-os/features/FEATURE_BLE/targets/TARGET_CORDIO/stack/ble-host/sources/stack/smp/smpi_sc_sm.o
    0x080213f0   0x00000015   Data   RO         6453    .rodata.smpiScStateTblIdle  BUILD/NUCLEO_F401RE/ARMC6/mbed-os/features/FEATURE_BLE/targets/TARGET_CORDIO/stack/ble-host/sources/stack/smp/smpi_sc_sm.o
    0x08021405   0x00000006   Data   RO         6461    .rodata.smpiScStateTblJwNcCheck1  BUILD/NUCLEO_F401RE/ARMC6/mbed-os/features/FEATURE_BLE/targets/TARGET_CORDIO/stack/ble-host/sources/stack/smp/smpi_sc_sm.o
    0x0802140b   0x00000009   Data   RO         6462    .rodata.smpiScStateTblJwNcCheck2  BUILD/NUCLEO_F401RE/ARMC6/mbed-os/features/FEATURE_BLE/targets/TARGET_CORDIO/stack/ble-host/sources/stack/smp/smpi_sc_sm.o
    0x08021414   0x00000006   Data   RO         6460    .rodata.smpiScStateTblJwNcRand  BUILD/NUCLEO_F401RE/ARMC6/mbed-os/features/FEATURE_BLE/targets/TARGET_CORDIO/stack/ble-host/sources/stack/smp/smpi_sc_sm.o
    0x0802141a   0x00000006   Data   RO         6459    .rodata.smpiScStateTblJwNcWaitCnf  BUILD/NUCLEO_F401RE/ARMC6/mbed-os/features/FEATURE_BLE/targets/TARGET_CORDIO/stack/ble-host/sources/stack/smp/smpi_sc_sm.o
    0x08021420   0x00000009   Data   RO         6463    .rodata.smpiScStateTblJwNcWaitUser  BUILD/NUCLEO_F401RE/ARMC6/mbed-os/features/FEATURE_BLE/targets/TARGET_CORDIO/stack/ble-host/sources/stack/smp/smpi_sc_sm.o
    0x08021429   0x0000000f   Data   RO         6488    .rodata.smpiScStateTblKeyDist  BUILD/NUCLEO_F401RE/ARMC6/mbed-os/features/FEATURE_BLE/targets/TARGET_CORDIO/stack/ble-host/sources/stack/smp/smpi_sc_sm.o
    0x08021438   0x00000006   Data   RO         6479    .rodata.smpiScStateTblLegacyPin  BUILD/NUCLEO_F401RE/ARMC6/mbed-os/features/FEATURE_BLE/targets/TARGET_CORDIO/stack/ble-host/sources/stack/smp/smpi_sc_sm.o
    0x0802143e   0x00000006   Data   RO         6456    .rodata.smpiScStateTblLescPin  BUILD/NUCLEO_F401RE/ARMC6/mbed-os/features/FEATURE_BLE/targets/TARGET_CORDIO/stack/ble-host/sources/stack/smp/smpi_sc_sm.o
    0x08021444   0x00000009   Data   RO         6455    .rodata.smpiScStateTblModeSelect  BUILD/NUCLEO_F401RE/ARMC6/mbed-os/features/FEATURE_BLE/targets/TARGET_CORDIO/stack/ble-host/sources/stack/smp/smpi_sc_sm.o
    0x0802144d   0x00000006   Data   RO         6470    .rodata.smpiScStateTblOobSendRand  BUILD/NUCLEO_F401RE/ARMC6/mbed-os/features/FEATURE_BLE/targets/TARGET_CORDIO/stack/ble-host/sources/stack/smp/smpi_sc_sm.o
    0x08021453   0x00000009   Data   RO         6471    .rodata.smpiScStateTblOobWaitRand  BUILD/NUCLEO_F401RE/ARMC6/mbed-os/features/FEATURE_BLE/targets/TARGET_CORDIO/stack/ble-host/sources/stack/smp/smpi_sc_sm.o
    0x0802145c   0x00000006   Data   RO         6482    .rodata.smpiScStateTblPairCnf  BUILD/NUCLEO_F401RE/ARMC6/mbed-os/features/FEATURE_BLE/targets/TARGET_CORDIO/stack/ble-host/sources/stack/smp/smpi_sc_sm.o
    0x08021462   0x00000006   Data   RO         6483    .rodata.smpiScStateTblPairRand  BUILD/NUCLEO_F401RE/ARMC6/mbed-os/features/FEATURE_BLE/targets/TARGET_CORDIO/stack/ble-host/sources/stack/smp/smpi_sc_sm.o
    0x08021468   0x00000006   Data   RO         6454    .rodata.smpiScStateTblPairRsp  BUILD/NUCLEO_F401RE/ARMC6/mbed-os/features/FEATURE_BLE/targets/TARGET_CORDIO/stack/ble-host/sources/stack/smp/smpi_sc_sm.o
    0x0802146e   0x00000006   Data   RO         6465    .rodata.smpiScStateTblPasskeyCalc  BUILD/NUCLEO_F401RE/ARMC6/mbed-os/features/FEATURE_BLE/targets/TARGET_CORDIO/stack/ble-host/sources/stack/smp/smpi_sc_sm.o
    0x08021474   0x00000006   Data   RO         6468    .rodata.smpiScStateTblPasskeyCheck  BUILD/NUCLEO_F401RE/ARMC6/mbed-os/features/FEATURE_BLE/targets/TARGET_CORDIO/stack/ble-host/sources/stack/smp/smpi_sc_sm.o
    0x0802147a   0x00000006   Data   RO         6466    .rodata.smpiScStateTblPasskeyCnf  BUILD/NUCLEO_F401RE/ARMC6/mbed-os/features/FEATURE_BLE/targets/TARGET_CORDIO/stack/ble-host/sources/stack/smp/smpi_sc_sm.o
    0x08021480   0x00000006   Data   RO         6467    .rodata.smpiScStateTblPasskeyRand  BUILD/NUCLEO_F401RE/ARMC6/mbed-os/features/FEATURE_BLE/targets/TARGET_CORDIO/stack/ble-host/sources/stack/smp/smpi_sc_sm.o
    0x08021486   0x0000000c   Data   RO         6469    .rodata.smpiScStateTblPasskeyRepeat  BUILD/NUCLEO_F401RE/ARMC6/mbed-os/features/FEATURE_BLE/targets/TARGET_CORDIO/stack/ble-host/sources/stack/smp/smpi_sc_sm.o
    0x08021492   0x00000006   Data   RO         6457    .rodata.smpiScStateTblPubKey  BUILD/NUCLEO_F401RE/ARMC6/mbed-os/features/FEATURE_BLE/targets/TARGET_CORDIO/stack/ble-host/sources/stack/smp/smpi_sc_sm.o
    0x08021498   0x00000012   Data   RO         6490    .rodata.smpiScStateTblRspTo  BUILD/NUCLEO_F401RE/ARMC6/mbed-os/features/FEATURE_BLE/targets/TARGET_CORDIO/stack/ble-host/sources/stack/smp/smpi_sc_sm.o
    0x080214aa   0x00000009   Data   RO         6486    .rodata.smpiScStateTblStkCalc  BUILD/NUCLEO_F401RE/ARMC6/mbed-os/features/FEATURE_BLE/targets/TARGET_CORDIO/stack/ble-host/sources/stack/smp/smpi_sc_sm.o
    0x080214b3   0x00000006   Data   RO         6478    .rodata.smpiScStateTblVerifyDHCheck  BUILD/NUCLEO_F401RE/ARMC6/mbed-os/features/FEATURE_BLE/targets/TARGET_CORDIO/stack/ble-host/sources/stack/smp/smpi_sc_sm.o
    0x080214b9   0x00000003   PAD
    0x080214bc   0x0000000c   Data   RO         6499    .rodata.smpiSmIf    BUILD/NUCLEO_F401RE/ARMC6/mbed-os/features/FEATURE_BLE/targets/TARGET_CORDIO/stack/ble-host/sources/stack/smp/smpi_sm.o
    0x080214c8   0x00000038   Data   RO         6496    .rodata.smpiStateTbl  BUILD/NUCLEO_F401RE/ARMC6/mbed-os/features/FEATURE_BLE/targets/TARGET_CORDIO/stack/ble-host/sources/stack/smp/smpi_sm.o
    0x08021500   0x00000018   Data   RO         6512    .rodata.smpiStateTblAttempts  BUILD/NUCLEO_F401RE/ARMC6/mbed-os/features/FEATURE_BLE/targets/TARGET_CORDIO/stack/ble-host/sources/stack/smp/smpi_sm.o
    0x08021518   0x00000006   Data   RO         6503    .rodata.smpiStateTblCnfCalc1  BUILD/NUCLEO_F401RE/ARMC6/mbed-os/features/FEATURE_BLE/targets/TARGET_CORDIO/stack/ble-host/sources/stack/smp/smpi_sm.o
    0x0802151e   0x00000006   Data   RO         6504    .rodata.smpiStateTblCnfCalc2  BUILD/NUCLEO_F401RE/ARMC6/mbed-os/features/FEATURE_BLE/targets/TARGET_CORDIO/stack/ble-host/sources/stack/smp/smpi_sm.o
    0x08021524   0x00000006   Data   RO         6507    .rodata.smpiStateTblCnfVerCalc1  BUILD/NUCLEO_F401RE/ARMC6/mbed-os/features/FEATURE_BLE/targets/TARGET_CORDIO/stack/ble-host/sources/stack/smp/smpi_sm.o
    0x0802152a   0x00000006   Data   RO         6508    .rodata.smpiStateTblCnfVerCalc2  BUILD/NUCLEO_F401RE/ARMC6/mbed-os/features/FEATURE_BLE/targets/TARGET_CORDIO/stack/ble-host/sources/stack/smp/smpi_sm.o
    0x08021530   0x0000000f   Data   RO         6498    .rodata.smpiStateTblCommon  BUILD/NUCLEO_F401RE/ARMC6/mbed-os/features/FEATURE_BLE/targets/TARGET_CORDIO/stack/ble-host/sources/stack/smp/smpi_sm.o
    0x0802153f   0x0000000c   Data   RO         6510    .rodata.smpiStateTblEncrypt  BUILD/NUCLEO_F401RE/ARMC6/mbed-os/features/FEATURE_BLE/targets/TARGET_CORDIO/stack/ble-host/sources/stack/smp/smpi_sm.o
    0x0802154b   0x00000015   Data   RO         6500    .rodata.smpiStateTblIdle  BUILD/NUCLEO_F401RE/ARMC6/mbed-os/features/FEATURE_BLE/targets/TARGET_CORDIO/stack/ble-host/sources/stack/smp/smpi_sm.o
    0x08021560   0x0000000f   Data   RO         6511    .rodata.smpiStateTblKeyDist  BUILD/NUCLEO_F401RE/ARMC6/mbed-os/features/FEATURE_BLE/targets/TARGET_CORDIO/stack/ble-host/sources/stack/smp/smpi_sm.o
    0x0802156f   0x00000006   Data   RO         6505    .rodata.smpiStateTblPairCnf  BUILD/NUCLEO_F401RE/ARMC6/mbed-os/features/FEATURE_BLE/targets/TARGET_CORDIO/stack/ble-host/sources/stack/smp/smpi_sm.o
    0x08021575   0x00000006   Data   RO         6506    .rodata.smpiStateTblPairRand  BUILD/NUCLEO_F401RE/ARMC6/mbed-os/features/FEATURE_BLE/targets/TARGET_CORDIO/stack/ble-host/sources/stack/smp/smpi_sm.o
    0x0802157b   0x00000006   Data   RO         6501    .rodata.smpiStateTblPairRsp  BUILD/NUCLEO_F401RE/ARMC6/mbed-os/features/FEATURE_BLE/targets/TARGET_CORDIO/stack/ble-host/sources/stack/smp/smpi_sm.o
    0x08021581   0x00000006   Data   RO         6502    .rodata.smpiStateTblPin  BUILD/NUCLEO_F401RE/ARMC6/mbed-os/features/FEATURE_BLE/targets/TARGET_CORDIO/stack/ble-host/sources/stack/smp/smpi_sm.o
    0x08021587   0x00000012   Data   RO         6513    .rodata.smpiStateTblRspTo  BUILD/NUCLEO_F401RE/ARMC6/mbed-os/features/FEATURE_BLE/targets/TARGET_CORDIO/stack/ble-host/sources/stack/smp/smpi_sm.o
    0x08021599   0x00000009   Data   RO         6509    .rodata.smpiStateTblStkCalc  BUILD/NUCLEO_F401RE/ARMC6/mbed-os/features/FEATURE_BLE/targets/TARGET_CORDIO/stack/ble-host/sources/stack/smp/smpi_sm.o
    0x080215a2   0x00000002   PAD
    0x080215a4   0x00000068   Data   RO         6650    .rodata.smprActionTbl  BUILD/NUCLEO_F401RE/ARMC6/mbed-os/features/FEATURE_BLE/targets/TARGET_CORDIO/stack/ble-host/sources/stack/smp/smpr_sm.o
    0x0802160c   0x000000d8   Data   RO         6585    .rodata.smprScActionTbl  BUILD/NUCLEO_F401RE/ARMC6/mbed-os/features/FEATURE_BLE/targets/TARGET_CORDIO/stack/ble-host/sources/stack/smp/smpr_sc_sm.o
    0x080216e4   0x0000000c   Data   RO         6587    .rodata.smprScSmIf  BUILD/NUCLEO_F401RE/ARMC6/mbed-os/features/FEATURE_BLE/targets/TARGET_CORDIO/stack/ble-host/sources/stack/smp/smpr_sc_sm.o
    0x080216f0   0x000000a0   Data   RO         6584    .rodata.smprScStateTbl  BUILD/NUCLEO_F401RE/ARMC6/mbed-os/features/FEATURE_BLE/targets/TARGET_CORDIO/stack/ble-host/sources/stack/smp/smpr_sc_sm.o
    0x08021790   0x00000015   Data   RO         6590    .rodata.smprScStateTblApiPairReq  BUILD/NUCLEO_F401RE/ARMC6/mbed-os/features/FEATURE_BLE/targets/TARGET_CORDIO/stack/ble-host/sources/stack/smp/smpr_sc_sm.o
    0x080217a5   0x00000006   Data   RO         6591    .rodata.smprScStateTblApiPairRsp  BUILD/NUCLEO_F401RE/ARMC6/mbed-os/features/FEATURE_BLE/targets/TARGET_CORDIO/stack/ble-host/sources/stack/smp/smpr_sc_sm.o
    0x080217ab   0x00000018   Data   RO         6627    .rodata.smprScStateTblAttempts  BUILD/NUCLEO_F401RE/ARMC6/mbed-os/features/FEATURE_BLE/targets/TARGET_CORDIO/stack/ble-host/sources/stack/smp/smpr_sc_sm.o
    0x080217c3   0x0000000c   Data   RO         6595    .rodata.smprScStateTblAuthSelect  BUILD/NUCLEO_F401RE/ARMC6/mbed-os/features/FEATURE_BLE/targets/TARGET_CORDIO/stack/ble-host/sources/stack/smp/smpr_sc_sm.o
    0x080217cf   0x00000006   Data   RO         6611    .rodata.smprScStateTblCalcDHKey  BUILD/NUCLEO_F401RE/ARMC6/mbed-os/features/FEATURE_BLE/targets/TARGET_CORDIO/stack/ble-host/sources/stack/smp/smpr_sc_sm.o
    0x080217d5   0x00000006   Data   RO         6614    .rodata.smprScStateTblCalcF5LTK  BUILD/NUCLEO_F401RE/ARMC6/mbed-os/features/FEATURE_BLE/targets/TARGET_CORDIO/stack/ble-host/sources/stack/smp/smpr_sc_sm.o
    0x080217db   0x00000006   Data   RO         6613    .rodata.smprScStateTblCalcF5MacKey  BUILD/NUCLEO_F401RE/ARMC6/mbed-os/features/FEATURE_BLE/targets/TARGET_CORDIO/stack/ble-host/sources/stack/smp/smpr_sc_sm.o
    0x080217e1   0x00000009   Data   RO         6612    .rodata.smprScStateTblCalcF5TKey  BUILD/NUCLEO_F401RE/ARMC6/mbed-os/features/FEATURE_BLE/targets/TARGET_CORDIO/stack/ble-host/sources/stack/smp/smpr_sc_sm.o
    0x080217ea   0x0000000f   Data   RO         6586    .rodata.smprScStateTblCommon  BUILD/NUCLEO_F401RE/ARMC6/mbed-os/features/FEATURE_BLE/targets/TARGET_CORDIO/stack/ble-host/sources/stack/smp/smpr_sc_sm.o
    0x080217f9   0x00000006   Data   RO         6615    .rodata.smprScStateTblDhCalcF6Ea  BUILD/NUCLEO_F401RE/ARMC6/mbed-os/features/FEATURE_BLE/targets/TARGET_CORDIO/stack/ble-host/sources/stack/smp/smpr_sc_sm.o
    0x080217ff   0x00000006   Data   RO         6616    .rodata.smprScStateTblDhCalcF6Eb  BUILD/NUCLEO_F401RE/ARMC6/mbed-os/features/FEATURE_BLE/targets/TARGET_CORDIO/stack/ble-host/sources/stack/smp/smpr_sc_sm.o
    0x08021805   0x00000012   Data   RO         6625    .rodata.smprScStateTblEncrypt  BUILD/NUCLEO_F401RE/ARMC6/mbed-os/features/FEATURE_BLE/targets/TARGET_CORDIO/stack/ble-host/sources/stack/smp/smpr_sc_sm.o
    0x08021817   0x00000015   Data   RO         6589    .rodata.smprScStateTblIdle  BUILD/NUCLEO_F401RE/ARMC6/mbed-os/features/FEATURE_BLE/targets/TARGET_CORDIO/stack/ble-host/sources/stack/smp/smpr_sc_sm.o
    0x0802182c   0x00000006   Data   RO         6598    .rodata.smprScStateTblJwNcCalcG2  BUILD/NUCLEO_F401RE/ARMC6/mbed-os/features/FEATURE_BLE/targets/TARGET_CORDIO/stack/ble-host/sources/stack/smp/smpr_sc_sm.o
    0x08021832   0x00000006   Data   RO         6596    .rodata.smprScStateTblJwNcSetup  BUILD/NUCLEO_F401RE/ARMC6/mbed-os/features/FEATURE_BLE/targets/TARGET_CORDIO/stack/ble-host/sources/stack/smp/smpr_sc_sm.o
    0x08021838   0x00000006   Data   RO         6597    .rodata.smprScStateTblJwNcWaitRand  BUILD/NUCLEO_F401RE/ARMC6/mbed-os/features/FEATURE_BLE/targets/TARGET_CORDIO/stack/ble-host/sources/stack/smp/smpr_sc_sm.o
    0x0802183e   0x0000000c   Data   RO         6599    .rodata.smprScStateTblJwNcWaitUser  BUILD/NUCLEO_F401RE/ARMC6/mbed-os/features/FEATURE_BLE/targets/TARGET_CORDIO/stack/ble-host/sources/stack/smp/smpr_sc_sm.o
    0x0802184a   0x00000009   Data   RO         6600    .rodata.smprScStateTblJwNcWaitUserDhCheckRcvd  BUILD/NUCLEO_F401RE/ARMC6/mbed-os/features/FEATURE_BLE/targets/TARGET_CORDIO/stack/ble-host/sources/stack/smp/smpr_sc_sm.o
    0x08021853   0x0000000f   Data   RO         6626    .rodata.smprScStateTblKeyDist  BUILD/NUCLEO_F401RE/ARMC6/mbed-os/features/FEATURE_BLE/targets/TARGET_CORDIO/stack/ble-host/sources/stack/smp/smpr_sc_sm.o
    0x08021862   0x00000006   Data   RO         6594    .rodata.smprScStateTblLescPin  BUILD/NUCLEO_F401RE/ARMC6/mbed-os/features/FEATURE_BLE/targets/TARGET_CORDIO/stack/ble-host/sources/stack/smp/smpr_sc_sm.o
    0x08021868   0x00000009   Data   RO         6592    .rodata.smprScStateTblModeSelect  BUILD/NUCLEO_F401RE/ARMC6/mbed-os/features/FEATURE_BLE/targets/TARGET_CORDIO/stack/ble-host/sources/stack/smp/smpr_sc_sm.o
    0x08021871   0x00000006   Data   RO         6608    .rodata.smprScStateTblOobSendRand  BUILD/NUCLEO_F401RE/ARMC6/mbed-os/features/FEATURE_BLE/targets/TARGET_CORDIO/stack/ble-host/sources/stack/smp/smpr_sc_sm.o
    0x08021877   0x00000006   Data   RO         6609    .rodata.smprScStateTblOobWaitRand  BUILD/NUCLEO_F401RE/ARMC6/mbed-os/features/FEATURE_BLE/targets/TARGET_CORDIO/stack/ble-host/sources/stack/smp/smpr_sc_sm.o
    0x0802187d   0x0000000f   Data   RO         6601    .rodata.smprScStateTblPassKeyKeypress  BUILD/NUCLEO_F401RE/ARMC6/mbed-os/features/FEATURE_BLE/targets/TARGET_CORDIO/stack/ble-host/sources/stack/smp/smpr_sc_sm.o
    0x0802188c   0x00000006   Data   RO         6602    .rodata.smprScStateTblPassWaitAuthRsp  BUILD/NUCLEO_F401RE/ARMC6/mbed-os/features/FEATURE_BLE/targets/TARGET_CORDIO/stack/ble-host/sources/stack/smp/smpr_sc_sm.o
    0x08021892   0x00000006   Data   RO         6604    .rodata.smprScStateTblPasskeyCalc  BUILD/NUCLEO_F401RE/ARMC6/mbed-os/features/FEATURE_BLE/targets/TARGET_CORDIO/stack/ble-host/sources/stack/smp/smpr_sc_sm.o
    0x08021898   0x00000006   Data   RO         6606    .rodata.smprScStateTblPasskeyCheck  BUILD/NUCLEO_F401RE/ARMC6/mbed-os/features/FEATURE_BLE/targets/TARGET_CORDIO/stack/ble-host/sources/stack/smp/smpr_sc_sm.o
    0x0802189e   0x0000000c   Data   RO         6464    .rodata.smprScStateTblPasskeyKeypress  BUILD/NUCLEO_F401RE/ARMC6/mbed-os/features/FEATURE_BLE/targets/TARGET_CORDIO/stack/ble-host/sources/stack/smp/smpi_sc_sm.o
    0x080218aa   0x00000006   Data   RO         6605    .rodata.smprScStateTblPasskeyRand  BUILD/NUCLEO_F401RE/ARMC6/mbed-os/features/FEATURE_BLE/targets/TARGET_CORDIO/stack/ble-host/sources/stack/smp/smpr_sc_sm.o
    0x080218b0   0x0000000c   Data   RO         6607    .rodata.smprScStateTblPasskeyRepeat  BUILD/NUCLEO_F401RE/ARMC6/mbed-os/features/FEATURE_BLE/targets/TARGET_CORDIO/stack/ble-host/sources/stack/smp/smpr_sc_sm.o
    0x080218bc   0x00000006   Data   RO         6603    .rodata.smprScStateTblPasskeyWaitCnf  BUILD/NUCLEO_F401RE/ARMC6/mbed-os/features/FEATURE_BLE/targets/TARGET_CORDIO/stack/ble-host/sources/stack/smp/smpr_sc_sm.o
    0x080218c2   0x00000006   Data   RO         6593    .rodata.smprScStateTblPubKey  BUILD/NUCLEO_F401RE/ARMC6/mbed-os/features/FEATURE_BLE/targets/TARGET_CORDIO/stack/ble-host/sources/stack/smp/smpr_sc_sm.o
    0x080218c8   0x00000012   Data   RO         6628    .rodata.smprScStateTblRspTo  BUILD/NUCLEO_F401RE/ARMC6/mbed-os/features/FEATURE_BLE/targets/TARGET_CORDIO/stack/ble-host/sources/stack/smp/smpr_sc_sm.o
    0x080218da   0x00000009   Data   RO         6624    .rodata.smprScStateTblStkCalc  BUILD/NUCLEO_F401RE/ARMC6/mbed-os/features/FEATURE_BLE/targets/TARGET_CORDIO/stack/ble-host/sources/stack/smp/smpr_sc_sm.o
    0x080218e3   0x00000009   Data   RO         6610    .rodata.smprScStateTblWaitDhCheck  BUILD/NUCLEO_F401RE/ARMC6/mbed-os/features/FEATURE_BLE/targets/TARGET_CORDIO/stack/ble-host/sources/stack/smp/smpr_sc_sm.o
    0x080218ec   0x0000000c   Data   RO         6652    .rodata.smprSmIf    BUILD/NUCLEO_F401RE/ARMC6/mbed-os/features/FEATURE_BLE/targets/TARGET_CORDIO/stack/ble-host/sources/stack/smp/smpr_sm.o
    0x080218f8   0x0000003c   Data   RO         6649    .rodata.smprStateTbl  BUILD/NUCLEO_F401RE/ARMC6/mbed-os/features/FEATURE_BLE/targets/TARGET_CORDIO/stack/ble-host/sources/stack/smp/smpr_sm.o
    0x08021934   0x00000015   Data   RO         6635    .rodata.smprStateTblApiPairReq  BUILD/NUCLEO_F401RE/ARMC6/mbed-os/features/FEATURE_BLE/targets/TARGET_CORDIO/stack/ble-host/sources/stack/smp/smpr_sm.o
    0x08021949   0x00000006   Data   RO         6636    .rodata.smprStateTblApiPairRsp  BUILD/NUCLEO_F401RE/ARMC6/mbed-os/features/FEATURE_BLE/targets/TARGET_CORDIO/stack/ble-host/sources/stack/smp/smpr_sm.o
    0x0802194f   0x00000018   Data   RO         6647    .rodata.smprStateTblAttempts  BUILD/NUCLEO_F401RE/ARMC6/mbed-os/features/FEATURE_BLE/targets/TARGET_CORDIO/stack/ble-host/sources/stack/smp/smpr_sm.o
    0x08021967   0x00000006   Data   RO         6619    .rodata.smprStateTblCnfCalc1  BUILD/NUCLEO_F401RE/ARMC6/mbed-os/features/FEATURE_BLE/targets/TARGET_CORDIO/stack/ble-host/sources/stack/smp/smpr_sc_sm.o
    0x0802196d   0x00000006   Data   RO         6639    .rodata.smprStateTblCnfCalc1  BUILD/NUCLEO_F401RE/ARMC6/mbed-os/features/FEATURE_BLE/targets/TARGET_CORDIO/stack/ble-host/sources/stack/smp/smpr_sm.o
    0x08021973   0x00000006   Data   RO         6620    .rodata.smprStateTblCnfCalc2  BUILD/NUCLEO_F401RE/ARMC6/mbed-os/features/FEATURE_BLE/targets/TARGET_CORDIO/stack/ble-host/sources/stack/smp/smpr_sc_sm.o
    0x08021979   0x00000006   Data   RO         6640    .rodata.smprStateTblCnfCalc2  BUILD/NUCLEO_F401RE/ARMC6/mbed-os/features/FEATURE_BLE/targets/TARGET_CORDIO/stack/ble-host/sources/stack/smp/smpr_sm.o
    0x0802197f   0x00000006   Data   RO         6622    .rodata.smprStateTblCnfVerCalc1  BUILD/NUCLEO_F401RE/ARMC6/mbed-os/features/FEATURE_BLE/targets/TARGET_CORDIO/stack/ble-host/sources/stack/smp/smpr_sc_sm.o
    0x08021985   0x00000006   Data   RO         6642    .rodata.smprStateTblCnfVerCalc1  BUILD/NUCLEO_F401RE/ARMC6/mbed-os/features/FEATURE_BLE/targets/TARGET_CORDIO/stack/ble-host/sources/stack/smp/smpr_sm.o
    0x0802198b   0x00000006   Data   RO         6623    .rodata.smprStateTblCnfVerCalc2  BUILD/NUCLEO_F401RE/ARMC6/mbed-os/features/FEATURE_BLE/targets/TARGET_CORDIO/stack/ble-host/sources/stack/smp/smpr_sc_sm.o
    0x08021991   0x00000006   Data   RO         6643    .rodata.smprStateTblCnfVerCalc2  BUILD/NUCLEO_F401RE/ARMC6/mbed-os/features/FEATURE_BLE/targets/TARGET_CORDIO/stack/ble-host/sources/stack/smp/smpr_sm.o
    0x08021997   0x0000000f   Data   RO         6651    .rodata.smprStateTblCommon  BUILD/NUCLEO_F401RE/ARMC6/mbed-os/features/FEATURE_BLE/targets/TARGET_CORDIO/stack/ble-host/sources/stack/smp/smpr_sm.o
    0x080219a6   0x0000000c   Data   RO         6645    .rodata.smprStateTblEncrypt  BUILD/NUCLEO_F401RE/ARMC6/mbed-os/features/FEATURE_BLE/targets/TARGET_CORDIO/stack/ble-host/sources/stack/smp/smpr_sm.o
    0x080219b2   0x00000015   Data   RO         6634    .rodata.smprStateTblIdle  BUILD/NUCLEO_F401RE/ARMC6/mbed-os/features/FEATURE_BLE/targets/TARGET_CORDIO/stack/ble-host/sources/stack/smp/smpr_sm.o
    0x080219c7   0x0000000f   Data   RO         6646    .rodata.smprStateTblKeyDist  BUILD/NUCLEO_F401RE/ARMC6/mbed-os/features/FEATURE_BLE/targets/TARGET_CORDIO/stack/ble-host/sources/stack/smp/smpr_sm.o
    0x080219d6   0x00000006   Data   RO         6621    .rodata.smprStateTblPairRand  BUILD/NUCLEO_F401RE/ARMC6/mbed-os/features/FEATURE_BLE/targets/TARGET_CORDIO/stack/ble-host/sources/stack/smp/smpr_sc_sm.o
    0x080219dc   0x00000006   Data   RO         6641    .rodata.smprStateTblPairRand  BUILD/NUCLEO_F401RE/ARMC6/mbed-os/features/FEATURE_BLE/targets/TARGET_CORDIO/stack/ble-host/sources/stack/smp/smpr_sm.o
    0x080219e2   0x00000009   Data   RO         6617    .rodata.smprStateTblPinPair1  BUILD/NUCLEO_F401RE/ARMC6/mbed-os/features/FEATURE_BLE/targets/TARGET_CORDIO/stack/ble-host/sources/stack/smp/smpr_sc_sm.o
    0x080219eb   0x00000009   Data   RO         6637    .rodata.smprStateTblPinPair1  BUILD/NUCLEO_F401RE/ARMC6/mbed-os/features/FEATURE_BLE/targets/TARGET_CORDIO/stack/ble-host/sources/stack/smp/smpr_sm.o
    0x080219f4   0x00000009   Data   RO         6618    .rodata.smprStateTblPinPair2  BUILD/NUCLEO_F401RE/ARMC6/mbed-os/features/FEATURE_BLE/targets/TARGET_CORDIO/stack/ble-host/sources/stack/smp/smpr_sc_sm.o
    0x080219fd   0x00000009   Data   RO         6638    .rodata.smprStateTblPinPair2  BUILD/NUCLEO_F401RE/ARMC6/mbed-os/features/FEATURE_BLE/targets/TARGET_CORDIO/stack/ble-host/sources/stack/smp/smpr_sm.o
    0x08021a06   0x00000012   Data   RO         6648    .rodata.smprStateTblRspTo  BUILD/NUCLEO_F401RE/ARMC6/mbed-os/features/FEATURE_BLE/targets/TARGET_CORDIO/stack/ble-host/sources/stack/smp/smpr_sm.o
    0x08021a18   0x00000009   Data   RO         6644    .rodata.smprStateTblStkCalc  BUILD/NUCLEO_F401RE/ARMC6/mbed-os/features/FEATURE_BLE/targets/TARGET_CORDIO/stack/ble-host/sources/stack/smp/smpr_sm.o
    0x08021a21   0x00000088   Data   RO         1086    .rodata.str1.1      BUILD/NUCLEO_F401RE/ARMC6/mbed-os/drivers/SPI.o
    0x08021aa9   0x00000023   Data   RO         1673    .rodata.str1.1      BUILD/NUCLEO_F401RE/ARMC6/mbed-os/features/FEATURE_BLE/source/BLE.o
    0x08021acc   0x0000003f   Data   RO         1789    .rodata.str1.1      BUILD/NUCLEO_F401RE/ARMC6/mbed-os/features/FEATURE_BLE/source/gap/AdvertisingDataBuilder.o
    0x08021b0b   0x00000118   Data   RO         2084    .rodata.str1.1      BUILD/NUCLEO_F401RE/ARMC6/mbed-os/features/FEATURE_BLE/targets/TARGET_CORDIO/source/CordioBLE.o
    0x08021c23   0x00000099   Data   RO         2401    .rodata.str1.1      BUILD/NUCLEO_F401RE/ARMC6/mbed-os/features/FEATURE_BLE/targets/TARGET_CORDIO/source/CordioImplementations.o
    0x08021cbc   0x00000048   Data   RO        24380    .rodata.str1.1      BUILD/NUCLEO_F401RE/ARMC6/mbed-os/hal/LowPowerTickerWrapper.o
    0x08021d04   0x00000020   Data   RO        24519    .rodata.str1.1      BUILD/NUCLEO_F401RE/ARMC6/mbed-os/hal/mbed_ticker_api.o
    0x08021d24   0x000000c8   Data   RO        24768    .rodata.str1.1      BUILD/NUCLEO_F401RE/ARMC6/mbed-os/platform/TARGET_CORTEX_M/mbed_fault_handler.o
    0x08021dec   0x0000014f   Data   RO        24951    .rodata.str1.1      BUILD/NUCLEO_F401RE/ARMC6/mbed-os/platform/mbed_error.o
    0x08021f3b   0x0000005c   Data   RO        25177    .rodata.str1.1      BUILD/NUCLEO_F401RE/ARMC6/mbed-os/platform/mbed_retarget.o
    0x08021f97   0x00000012   Data   RO        25357    .rodata.str1.1      BUILD/NUCLEO_F401RE/ARMC6/mbed-os/rtos/Mutex.o
    0x08021fa9   0x00000138   Data   RO        25475    .rodata.str1.1      BUILD/NUCLEO_F401RE/ARMC6/mbed-os/rtos/TARGET_CORTEX/mbed_rtx_handlers.o
    0x080220e1   0x00000013   Data   RO        25679    .rodata.str1.1      BUILD/NUCLEO_F401RE/ARMC6/mbed-os/rtos/TARGET_CORTEX/rtx5/RTX/Source/rtx_lib.o
    0x080220f4   0x0000001b   Data   RO        26115    .rodata.str1.1      BUILD/NUCLEO_F401RE/ARMC6/mbed-os/rtos/Thread.o
    0x0802210f   0x00000039   Data   RO        28543    .rodata.str1.1      BUILD/NUCLEO_F401RE/ARMC6/mbed-os/targets/TARGET_STM/pinmap.o
    0x08022148   0x0000002a   Data   RO        28658    .rodata.str1.1      BUILD/NUCLEO_F401RE/ARMC6/mbed-os/targets/TARGET_STM/serial_api.o
    0x08022172   0x000002d1   Data   RO        29861    .rodata.str1.1      BUILD/NUCLEO_F401RE/ARMC6/source/main.o
    0x08022443   0x00000001   PAD
    0x08022444   0x0000000b   Data   RO        25666    .rodata.str1.4      BUILD/NUCLEO_F401RE/ARMC6/mbed-os/rtos/TARGET_CORTEX/rtx5/RTX/Source/rtx_kernel.o
    0x0802244f   0x00000001   PAD
    0x08022450   0x00000008   Data   RO        24530    .rodata.us_data     BUILD/NUCLEO_F401RE/ARMC6/mbed-os/hal/mbed_us_ticker_api.o
    0x08022458   0x00000024   Data   RO        24532    .rodata.us_interface  BUILD/NUCLEO_F401RE/ARMC6/mbed-os/hal/mbed_us_ticker_api.o
    0x0802247c   0x00000008   Data   RO        28748    .rodata.us_ticker_get_info.info  BUILD/NUCLEO_F401RE/ARMC6/mbed-os/targets/TARGET_STM/us_ticker.o
    0x08022484   0x00000020   Data   RO        30841    Region$$Table       anon$$obj.o
    0x080224a4   0x00000110   Data   RO        30469    locale$$data        /Library/Application Support/Mbed Studio/mbed-studio-tools/ac6/bin/../lib/armlib/c_w.l(lc_ctype_c.o)
    0x080225b4   0x0000001c   Data   RO        30668    locale$$data        /Library/Application Support/Mbed Studio/mbed-studio-tools/ac6/bin/../lib/armlib/c_w.l(lc_numeric_c.o)
    0x080225d0   0x00000004   Data   RO         2404    .init_array         BUILD/NUCLEO_F401RE/ARMC6/mbed-os/features/FEATURE_BLE/targets/TARGET_CORDIO/source/CordioImplementations.o
    0x080225d4   0x00000004   Data   RO        29867    .init_array         BUILD/NUCLEO_F401RE/ARMC6/source/main.o
    0x080225d8   0x00000000   Data   RO        30231    .init_array         /Library/Application Support/Mbed Studio/mbed-studio-tools/ac6/bin/../lib/armlib/c_w.l(init_aeabi.o)


    Execution Region RW_IRAM1 (Base: 0x20000198, Size: 0x00004448, Max: 0x00017a68, ABSOLUTE, COMPRESSED[0x00000090])

    Base Addr    Size         Type   Attr      Idx    E Section Name        Object

    0x20000198   0x00000004   Data   RW        30147    .data               /Library/Application Support/Mbed Studio/mbed-studio-tools/ac6/bin/../lib/armlib/c_w.l(stdio_streams.o)
    0x2000019c   0x00000004   Data   RW        30148    .data               /Library/Application Support/Mbed Studio/mbed-studio-tools/ac6/bin/../lib/armlib/c_w.l(stdio_streams.o)
    0x200001a0   0x00000004   Data   RW        30149    .data               /Library/Application Support/Mbed Studio/mbed-studio-tools/ac6/bin/../lib/armlib/c_w.l(stdio_streams.o)
    0x200001a4   0x00000004   Data   RW        30456    .data               /Library/Application Support/Mbed Studio/mbed-studio-tools/ac6/bin/../lib/armlib/c_w.l(streamlock.o)
    0x200001a8   0x00000004   Data   RW        28290    .data.SystemCoreClock  BUILD/NUCLEO_F401RE/ARMC6/mbed-os/targets/TARGET_STM/TARGET_STM32F4/device/system_stm32f4xx.o
    0x200001ac   0x00000040   Data   RW        25182    .data._ZL11filehandles  BUILD/NUCLEO_F401RE/ARMC6/mbed-os/platform/mbed_retarget.o
    0x200001ec   0x00000004   Data   RW        25484    .data._ZL14idle_hook_fptr  BUILD/NUCLEO_F401RE/ARMC6/mbed-os/rtos/TARGET_CORTEX/mbed_rtx_idle.o
    0x200001f0   0x00000004   Data   RW         1971    .data._ZN3ble6vendor6cordio24CordioHCITransportDriver21data_received_handlerE  BUILD/NUCLEO_F401RE/ARMC6/mbed-os/features/FEATURE_BLE/targets/TARGET_CORDIO/driver/CordioHCITransportDriver.o
    0x200001f4   0x00000014   Data   RW         2069    .data._ZN3ble6vendor6cordio3BLE14_init_callbackE  BUILD/NUCLEO_F401RE/ARMC6/mbed-os/features/FEATURE_BLE/targets/TARGET_CORDIO/source/CordioBLE.o
    0x20000208   0x00000010   Data   RW         4790    .data.attBaseUuid   BUILD/NUCLEO_F401RE/ARMC6/mbed-os/features/FEATURE_BLE/targets/TARGET_CORDIO/stack/ble-host/sources/stack/att/att_main.o
    0x20000218   0x00000008   Data   RW         5274    .data.attCfg        BUILD/NUCLEO_F401RE/ARMC6/mbed-os/features/FEATURE_BLE/targets/TARGET_CORDIO/stack/ble-host/sources/stack/cfg/cfg_stack.o
    0x20000220   0x00000044   Data   RW         5201    .data.attsProcFcnTbl  BUILD/NUCLEO_F401RE/ARMC6/mbed-os/features/FEATURE_BLE/targets/TARGET_CORDIO/stack/ble-host/sources/stack/att/atts_main.o
    0x20000264   0x00000038   Data   RW         5771    .data.dmFcnIfTbl    BUILD/NUCLEO_F401RE/ARMC6/mbed-os/features/FEATURE_BLE/targets/TARGET_CORDIO/stack/ble-host/sources/stack/dm/dm_main.o
    0x2000029c   0x00000004   Data   RW         4296    .data.hciLeSupFeatCfg  BUILD/NUCLEO_F401RE/ARMC6/mbed-os/features/FEATURE_BLE/targets/TARGET_CORDIO/stack/ble-host/sources/hci/common/hci_core.o
    0x200002a0   0x00000004   Data   RW        24424    .data.irq_handler   BUILD/NUCLEO_F401RE/ARMC6/mbed-os/hal/mbed_lp_ticker_api.o
    0x200002a4   0x00000004   Data   RW        24531    .data.irq_handler   BUILD/NUCLEO_F401RE/ARMC6/mbed-os/hal/mbed_us_ticker_api.o
    0x200002a8   0x000000a4   Data   RW        25667    .data.os            BUILD/NUCLEO_F401RE/ARMC6/mbed-os/rtos/TARGET_CORTEX/rtx5/RTX/Source/rtx_kernel.o
    0x2000034c   0x00000004   Data   RW         5275    .data.pAttCfg       BUILD/NUCLEO_F401RE/ARMC6/mbed-os/features/FEATURE_BLE/targets/TARGET_CORDIO/stack/ble-host/sources/stack/cfg/cfg_stack.o
    0x20000350   0x00000004   Data   RW         5277    .data.pSmpCfg       BUILD/NUCLEO_F401RE/ARMC6/mbed-os/features/FEATURE_BLE/targets/TARGET_CORDIO/stack/ble-host/sources/stack/cfg/cfg_stack.o
    0x20000354   0x00000018   Data   RW         5276    .data.smpCfg        BUILD/NUCLEO_F401RE/ARMC6/mbed-os/features/FEATURE_BLE/targets/TARGET_CORDIO/stack/ble-host/sources/stack/cfg/cfg_stack.o
    0x2000036c   0x00000054   Zero   RW        30144    .bss                /Library/Application Support/Mbed Studio/mbed-studio-tools/ac6/bin/../lib/armlib/c_w.l(stdio_streams.o)
    0x200003c0   0x00000054   Zero   RW        30145    .bss                /Library/Application Support/Mbed Studio/mbed-studio-tools/ac6/bin/../lib/armlib/c_w.l(stdio_streams.o)
    0x20000414   0x00000054   Zero   RW        30146    .bss                /Library/Application Support/Mbed Studio/mbed-studio-tools/ac6/bin/../lib/armlib/c_w.l(stdio_streams.o)
    0x20000468   0x00000060   Zero   RW        30352    .bss                /Library/Application Support/Mbed Studio/mbed-studio-tools/ac6/bin/../lib/armlib/c_w.l(libspace.o)
    0x200004c8   0x00000004   Zero   RW        28618    .bss.LPTICKER_RTC_time  BUILD/NUCLEO_F401RE/ARMC6/mbed-os/targets/TARGET_STM/rtc_api.o
    0x200004cc   0x00000004   Zero   RW        28617    .bss.LPTICKER_counter  BUILD/NUCLEO_F401RE/ARMC6/mbed-os/targets/TARGET_STM/rtc_api.o
    0x200004d0   0x00000001   Zero   RW        26024    .bss.PendST         BUILD/NUCLEO_F401RE/ARMC6/mbed-os/rtos/TARGET_CORTEX/rtx5/Source/os_systick.o
    0x200004d1   0x00000003   PAD
    0x200004d4   0x00000001   Zero   RW        28619    .bss.RTC_inited     BUILD/NUCLEO_F401RE/ARMC6/mbed-os/targets/TARGET_STM/rtc_api.o
    0x200004d5   0x00000003   PAD
    0x200004d8   0x00000020   Zero   RW        28620    .bss.RtcHandle      BUILD/NUCLEO_F401RE/ARMC6/mbed-os/targets/TARGET_STM/rtc_api.o
    0x200004f8   0x00000054   Zero   RW         6383    .bss.SMP_ScCcb      BUILD/NUCLEO_F401RE/ARMC6/mbed-os/features/FEATURE_BLE/targets/TARGET_CORDIO/stack/ble-host/sources/stack/smp/smp_sc_main.o
    0x2000054c   0x00000004   Zero   RW         2064    .bss.SystemHeapSize  BUILD/NUCLEO_F401RE/ARMC6/mbed-os/features/FEATURE_BLE/targets/TARGET_CORDIO/source/CordioBLE.o
    0x20000550   0x00000004   Zero   RW         2063    .bss.SystemHeapStart  BUILD/NUCLEO_F401RE/ARMC6/mbed-os/features/FEATURE_BLE/targets/TARGET_CORDIO/source/CordioBLE.o
    0x20000554   0x0000003c   Zero   RW        28749    .bss.TimMasterHandle  BUILD/NUCLEO_F401RE/ARMC6/mbed-os/targets/TARGET_STM/us_ticker.o
    0x20000590   0x00000004   Zero   RW        29781    .bss._ZGVZ25ble_cordio_get_hci_drivervE10hci_driver  BUILD/NUCLEO_F401RE/ARMC6/shields/TARGET_CORDIO_BLUENRG/BlueNrgHCIDriver.o
    0x20000594   0x00000004   Zero   RW        29779    .bss._ZGVZ25ble_cordio_get_hci_drivervE16transport_driver  BUILD/NUCLEO_F401RE/ARMC6/shields/TARGET_CORDIO_BLUENRG/BlueNrgHCIDriver.o
    0x20000598   0x00000004   Zero   RW        25184    .bss._ZGVZL15default_consolevE7console  BUILD/NUCLEO_F401RE/ARMC6/mbed-os/platform/mbed_retarget.o
    0x2000059c   0x00000004   Zero   RW         1672    .bss._ZGVZN3BLE8InstanceEjE12badSingleton  BUILD/NUCLEO_F401RE/ARMC6/mbed-os/features/FEATURE_BLE/source/BLE.o
    0x200005a0   0x00000004   Zero   RW         4255    .bss._ZGVZN3ble3pal6vendor6cordio15CordioAttClient10get_clientEvE7_client  BUILD/NUCLEO_F401RE/ARMC6/mbed-os/features/FEATURE_BLE/targets/TARGET_CORDIO/source/CordioPalAttClient.o
    0x200005a4   0x00000004   Zero   RW         4116    .bss._ZGVZN3ble3pal6vendor6cordio21CordioSecurityManagerINS_7generic22GenericSecurityManagerIS3_NS_6vendor6cordio19SigningEventMonitorEEEE20get_security_managerEvE17_security_manager  BUILD/NUCLEO_F401RE/ARMC6/mbed-os/features/FEATURE_BLE/targets/TARGET_CORDIO/source/CordioImplementations.o
    0x200005a8   0x00000004   Zero   RW         4123    .bss._ZGVZN3ble3pal6vendor6cordio3GapINS_7generic10GenericGapIS3_NS0_15SecurityManagerINS2_21CordioSecurityManagerINS4_22GenericSecurityManagerIS7_NS_6vendor6cordio19SigningEventMonitorEEEEESC_EESC_EEE7get_gapEvE4_gap  BUILD/NUCLEO_F401RE/ARMC6/mbed-os/features/FEATURE_BLE/targets/TARGET_CORDIO/source/CordioImplementations.o
    0x200005ac   0x00000004   Zero   RW         2296    .bss._ZGVZN3ble6vendor6cordio10GattServer11getInstanceEvE10m_instance  BUILD/NUCLEO_F401RE/ARMC6/mbed-os/features/FEATURE_BLE/targets/TARGET_CORDIO/source/CordioGattServer.o
    0x200005b0   0x00000004   Zero   RW         2083    .bss._ZGVZN3ble6vendor6cordio3BLE12waitForEventEvE11nextTimeout  BUILD/NUCLEO_F401RE/ARMC6/mbed-os/features/FEATURE_BLE/targets/TARGET_CORDIO/source/CordioBLE.o
    0x200005b4   0x00000004   Zero   RW         2076    .bss._ZGVZN3ble6vendor6cordio3BLE13getGattClientEvE11gatt_client  BUILD/NUCLEO_F401RE/ARMC6/mbed-os/features/FEATURE_BLE/targets/TARGET_CORDIO/source/CordioBLE.o
    0x200005b8   0x00000004   Zero   RW         2086    .bss._ZGVZN3ble6vendor6cordio3BLE14callDispatcherEvE11nextTimeout  BUILD/NUCLEO_F401RE/ARMC6/mbed-os/features/FEATURE_BLE/targets/TARGET_CORDIO/source/CordioBLE.o
    0x200005bc   0x00000004   Zero   RW         2068    .bss._ZGVZN3ble6vendor6cordio3BLE14deviceInstanceEvE8instance  BUILD/NUCLEO_F401RE/ARMC6/mbed-os/features/FEATURE_BLE/targets/TARGET_CORDIO/source/CordioBLE.o
    0x200005c0   0x00000004   Zero   RW         2078    .bss._ZGVZN3ble6vendor6cordio3BLE16getPalGattClientEvE10pal_client  BUILD/NUCLEO_F401RE/ARMC6/mbed-os/features/FEATURE_BLE/targets/TARGET_CORDIO/source/CordioBLE.o
    0x200005c4   0x00000004   Zero   RW         2081    .bss._ZGVZN3ble6vendor6cordio3BLE18getSecurityManagerEvE10m_instance  BUILD/NUCLEO_F401RE/ARMC6/mbed-os/features/FEATURE_BLE/targets/TARGET_CORDIO/source/CordioBLE.o
    0x200005c8   0x00000004   Zero   RW         2072    .bss._ZGVZN3ble6vendor6cordio3BLE6getGapEvE18cordio_gap_service  BUILD/NUCLEO_F401RE/ARMC6/mbed-os/features/FEATURE_BLE/targets/TARGET_CORDIO/source/CordioBLE.o
    0x200005cc   0x00000004   Zero   RW         2074    .bss._ZGVZN3ble6vendor6cordio3BLE6getGapEvE3gap  BUILD/NUCLEO_F401RE/ARMC6/mbed-os/features/FEATURE_BLE/targets/TARGET_CORDIO/source/CordioBLE.o
    0x200005d0   0x0000005c   Zero   RW        29863    .bss._ZL11event_queue  BUILD/NUCLEO_F401RE/ARMC6/source/main.o
    0x2000062c   0x00000004   Zero   RW        24454    .bss._ZL14ticker_wrapper  BUILD/NUCLEO_F401RE/ARMC6/mbed-os/hal/mbed_lp_ticker_wrapper.o
    0x20000630   0x00000028   Zero   RW        25174    .bss._ZL16filehandle_mutex  BUILD/NUCLEO_F401RE/ARMC6/mbed-os/platform/mbed_retarget.o
    0x20000658   0x00000024   Zero   RW        29864    .bss._ZL19temp_characteristic  BUILD/NUCLEO_F401RE/ARMC6/source/main.o
    0x2000067c   0x00000004   PAD
    0x20000680   0x00000070   Zero   RW        24455    .bss._ZL19ticker_wrapper_data  BUILD/NUCLEO_F401RE/ARMC6/mbed-os/hal/mbed_lp_ticker_wrapper.o
    0x200006f0   0x00000001   Zero   RW        29865    .bss._ZL27trigger_temp_characteristic  BUILD/NUCLEO_F401RE/ARMC6/source/main.o
    0x200006f1   0x00000001   Zero   RW        24453    .bss._ZL4init       BUILD/NUCLEO_F401RE/ARMC6/mbed-os/hal/mbed_lp_ticker_wrapper.o
    0x200006f2   0x00000002   PAD
    0x200006f4   0x00000004   Zero   RW        24591    .bss._ZN10CThunkBase17_cthunk_free_realE  BUILD/NUCLEO_F401RE/ARMC6/mbed-os/platform/CThunkBase.o
    0x200006f8   0x00000004   Zero   RW         2066    .bss._ZN3ble6vendor6cordio3BLE11_hci_driverE  BUILD/NUCLEO_F401RE/ARMC6/mbed-os/features/FEATURE_BLE/targets/TARGET_CORDIO/source/CordioBLE.o
    0x200006fc   0x00000008   Zero   RW         2400    .bss._ZN3ble7generic12_GLOBAL__N_119default_scan_paramsE  BUILD/NUCLEO_F401RE/ARMC6/mbed-os/features/FEATURE_BLE/targets/TARGET_CORDIO/source/CordioImplementations.o
    0x20000704   0x00000128   Zero   RW         1083    .bss._ZN4mbed3SPI12_peripheralsE  BUILD/NUCLEO_F401RE/ARMC6/mbed-os/drivers/SPI.o
    0x2000082c   0x00000004   Zero   RW         1084    .bss._ZN4mbed3SPI17_peripherals_usedE  BUILD/NUCLEO_F401RE/ARMC6/mbed-os/drivers/SPI.o
    0x20000830   0x00000004   Zero   RW        24652    .bss._ZN4mbed8FileBase5_headE  BUILD/NUCLEO_F401RE/ARMC6/mbed-os/platform/FileBase.o
    0x20000834   0x00000028   Zero   RW        24653    .bss._ZN4mbed8FileBase6_mutexE  BUILD/NUCLEO_F401RE/ARMC6/mbed-os/platform/FileBase.o
    0x2000085c   0x00000004   Zero   RW        24654    .bss._ZN4mbed8FileBase8_defaultE  BUILD/NUCLEO_F401RE/ARMC6/mbed-os/platform/FileBase.o
    0x20000860   0x00000028   Zero   RW        29780    .bss._ZZ25ble_cordio_get_hci_drivervE10hci_driver  BUILD/NUCLEO_F401RE/ARMC6/shields/TARGET_CORDIO_BLUENRG/BlueNrgHCIDriver.o
    0x20000888   0x000005d0   Zero   RW        29778    .bss._ZZ25ble_cordio_get_hci_drivervE16transport_driver  BUILD/NUCLEO_F401RE/ARMC6/shields/TARGET_CORDIO_BLUENRG/BlueNrgHCIDriver.o
    0x20000e58   0x00000004   Zero   RW        25183    .bss._ZZL15default_consolevE7console  BUILD/NUCLEO_F401RE/ARMC6/mbed-os/platform/mbed_retarget.o
    0x20000e5c   0x00000004   Zero   RW         1675    .bss._ZZN3BLE8InstanceEjE10singletons.0  BUILD/NUCLEO_F401RE/ARMC6/mbed-os/features/FEATURE_BLE/source/BLE.o
    0x20000e60   0x00000020   Zero   RW         1671    .bss._ZZN3BLE8InstanceEjE12badSingleton  BUILD/NUCLEO_F401RE/ARMC6/mbed-os/features/FEATURE_BLE/source/BLE.o
    0x20000e80   0x00000004   Zero   RW         1674    .bss._ZZN3BLEC1EjE18transportInstances  BUILD/NUCLEO_F401RE/ARMC6/mbed-os/features/FEATURE_BLE/source/BLE.o
    0x20000e84   0x00000024   Zero   RW         4254    .bss._ZZN3ble3pal6vendor6cordio15CordioAttClient10get_clientEvE7_client  BUILD/NUCLEO_F401RE/ARMC6/mbed-os/features/FEATURE_BLE/targets/TARGET_CORDIO/source/CordioPalAttClient.o
    0x20000ea8   0x00000064   Zero   RW         4115    .bss._ZZN3ble3pal6vendor6cordio21CordioSecurityManagerINS_7generic22GenericSecurityManagerIS3_NS_6vendor6cordio19SigningEventMonitorEEEE20get_security_managerEvE17_security_manager  BUILD/NUCLEO_F401RE/ARMC6/mbed-os/features/FEATURE_BLE/targets/TARGET_CORDIO/source/CordioImplementations.o
    0x20000f0c   0x00000020   Zero   RW         4122    .bss._ZZN3ble3pal6vendor6cordio3GapINS_7generic10GenericGapIS3_NS0_15SecurityManagerINS2_21CordioSecurityManagerINS4_22GenericSecurityManagerIS7_NS_6vendor6cordio19SigningEventMonitorEEEEESC_EESC_EEE7get_gapEvE4_gap  BUILD/NUCLEO_F401RE/ARMC6/mbed-os/features/FEATURE_BLE/targets/TARGET_CORDIO/source/CordioImplementations.o
    0x20000f2c   0x000002a4   Zero   RW         2295    .bss._ZZN3ble6vendor6cordio10GattServer11getInstanceEvE10m_instance  BUILD/NUCLEO_F401RE/ARMC6/mbed-os/features/FEATURE_BLE/targets/TARGET_CORDIO/source/CordioGattServer.o
    0x200011d0   0x00000001   Zero   RW         1960    .bss._ZZN3ble6vendor6cordio15CordioHCIDriver21handle_reset_sequenceEPhE7randCnt  BUILD/NUCLEO_F401RE/ARMC6/mbed-os/features/FEATURE_BLE/targets/TARGET_CORDIO/driver/CordioHCIDriver.o
    0x200011d1   0x00000007   PAD
    0x200011d8   0x000008d0   Zero   RW         1958    .bss._ZZN3ble6vendor6cordio15CordioHCIDriver35get_default_buffer_pool_descriptionEvE6buffer  BUILD/NUCLEO_F401RE/ARMC6/mbed-os/features/FEATURE_BLE/targets/TARGET_CORDIO/driver/CordioHCIDriver.o
    0x20001aa8   0x00000040   Zero   RW         2082    .bss._ZZN3ble6vendor6cordio3BLE12waitForEventEvE11nextTimeout  BUILD/NUCLEO_F401RE/ARMC6/mbed-os/features/FEATURE_BLE/targets/TARGET_CORDIO/source/CordioBLE.o
    0x20001ae8   0x00000058   Zero   RW         2075    .bss._ZZN3ble6vendor6cordio3BLE13getGattClientEvE11gatt_client  BUILD/NUCLEO_F401RE/ARMC6/mbed-os/features/FEATURE_BLE/targets/TARGET_CORDIO/source/CordioBLE.o
    0x20001b40   0x00000040   Zero   RW         2085    .bss._ZZN3ble6vendor6cordio3BLE14callDispatcherEvE11nextTimeout  BUILD/NUCLEO_F401RE/ARMC6/mbed-os/features/FEATURE_BLE/targets/TARGET_CORDIO/source/CordioBLE.o
    0x20001b80   0x00000048   Zero   RW         2067    .bss._ZZN3ble6vendor6cordio3BLE14deviceInstanceEvE8instance  BUILD/NUCLEO_F401RE/ARMC6/mbed-os/features/FEATURE_BLE/targets/TARGET_CORDIO/source/CordioBLE.o
    0x20001bc8   0x00000028   Zero   RW         2077    .bss._ZZN3ble6vendor6cordio3BLE16getPalGattClientEvE10pal_client  BUILD/NUCLEO_F401RE/ARMC6/mbed-os/features/FEATURE_BLE/targets/TARGET_CORDIO/source/CordioBLE.o
    0x20001bf0   0x000000f4   Zero   RW         2080    .bss._ZZN3ble6vendor6cordio3BLE18getSecurityManagerEvE10m_instance  BUILD/NUCLEO_F401RE/ARMC6/mbed-os/features/FEATURE_BLE/targets/TARGET_CORDIO/source/CordioBLE.o
    0x20001ce4   0x00000001   Zero   RW         2079    .bss._ZZN3ble6vendor6cordio3BLE18getSecurityManagerEvE21signing_event_monitor  BUILD/NUCLEO_F401RE/ARMC6/mbed-os/features/FEATURE_BLE/targets/TARGET_CORDIO/source/CordioBLE.o
    0x20001ce5   0x00000003   PAD
    0x20001ce8   0x00000004   Zero   RW         2071    .bss._ZZN3ble6vendor6cordio3BLE6getGapEvE18cordio_gap_service  BUILD/NUCLEO_F401RE/ARMC6/mbed-os/features/FEATURE_BLE/targets/TARGET_CORDIO/source/CordioBLE.o
    0x20001cec   0x00000004   PAD
    0x20001cf0   0x000001c0   Zero   RW         2073    .bss._ZZN3ble6vendor6cordio3BLE6getGapEvE3gap  BUILD/NUCLEO_F401RE/ARMC6/mbed-os/features/FEATURE_BLE/targets/TARGET_CORDIO/source/CordioBLE.o
    0x20001eb0   0x00000001   Zero   RW        29839    .bss._ZZN3ble6vendor7bluenrg9HCIDriver21handle_reset_sequenceEPhE7randCnt  BUILD/NUCLEO_F401RE/ARMC6/shields/TARGET_CORDIO_BLUENRG/BlueNrgHCIDriver.o
    0x20001eb1   0x00000007   PAD
    0x20001eb8   0x00001000   Zero   RW        25438    .bss._main_stack    BUILD/NUCLEO_F401RE/ARMC6/mbed-os/rtos/TARGET_CORTEX/mbed_rtos_rtx.o
    0x20002eb8   0x00000024   Zero   RW        25439    .bss._main_thread_attr  BUILD/NUCLEO_F401RE/ARMC6/mbed-os/rtos/TARGET_CORTEX/mbed_rtos_rtx.o
    0x20002edc   0x00000020   Zero   RW        25413    .bss._static_mutexes  BUILD/NUCLEO_F401RE/ARMC6/mbed-os/rtos/TARGET_CORTEX/TOOLCHAIN_ARM_STD/mbed_boot_arm_std.o
    0x20002efc   0x000000e0   Zero   RW        25414    .bss._static_mutexes_mem  BUILD/NUCLEO_F401RE/ARMC6/mbed-os/rtos/TARGET_CORTEX/TOOLCHAIN_ARM_STD/mbed_boot_arm_std.o
    0x20002fdc   0x00000080   Zero   RW         4789    .bss.attCb          BUILD/NUCLEO_F401RE/ARMC6/mbed-os/features/FEATURE_BLE/targets/TARGET_CORDIO/stack/ble-host/sources/stack/att/att_main.o
    0x2000305c   0x000000b0   Zero   RW         5004    .bss.attcCb         BUILD/NUCLEO_F401RE/ARMC6/mbed-os/features/FEATURE_BLE/targets/TARGET_CORDIO/stack/ble-host/sources/stack/att/attc_main.o
    0x2000310c   0x00000018   Zero   RW         5203    .bss.attsCb         BUILD/NUCLEO_F401RE/ARMC6/mbed-os/features/FEATURE_BLE/targets/TARGET_CORDIO/stack/ble-host/sources/stack/att/atts_main.o
    0x20003124   0x00000018   Zero   RW         5092    .bss.attsCccCb      BUILD/NUCLEO_F401RE/ARMC6/mbed-os/features/FEATURE_BLE/targets/TARGET_CORDIO/stack/ble-host/sources/stack/att/atts_ccc.o
    0x2000313c   0x00000010   Zero   RW         5117    .bss.attsCsfCb      BUILD/NUCLEO_F401RE/ARMC6/mbed-os/features/FEATURE_BLE/targets/TARGET_CORDIO/stack/ble-host/sources/stack/att/atts_csf.o
    0x2000314c   0x00000054   Zero   RW         5159    .bss.attsIndCb      BUILD/NUCLEO_F401RE/ARMC6/mbed-os/features/FEATURE_BLE/targets/TARGET_CORDIO/stack/ble-host/sources/stack/att/atts_ind.o
    0x200031a0   0x00000038   Zero   RW         5255    .bss.attsSignCb     BUILD/NUCLEO_F401RE/ARMC6/mbed-os/features/FEATURE_BLE/targets/TARGET_CORDIO/stack/ble-host/sources/stack/att/atts_sign.o
    0x200031d8   0x00000214   Zero   RW        28416    .bss.channels       BUILD/NUCLEO_F401RE/ARMC6/mbed-os/targets/TARGET_STM/gpio_irq_api.o
    0x200033ec   0x00000001   Zero   RW        24397    .bss.critical_interrupts_enabled  BUILD/NUCLEO_F401RE/ARMC6/mbed-os/hal/mbed_critical_section_api.o
    0x200033ed   0x00000003   PAD
    0x200033f0   0x00000004   Zero   RW        24902    .bss.critical_section_reentrancy_counter  BUILD/NUCLEO_F401RE/ARMC6/mbed-os/platform/mbed_critical.o
    0x200033f4   0x00000002   Zero   RW        25244    .bss.deep_sleep_lock  BUILD/NUCLEO_F401RE/ARMC6/mbed-os/platform/mbed_sleep_manager.o
    0x200033f6   0x00000002   PAD
    0x200033f8   0x00000044   Zero   RW         5310    .bss.dmAdvCb        BUILD/NUCLEO_F401RE/ARMC6/mbed-os/features/FEATURE_BLE/targets/TARGET_CORDIO/stack/ble-host/sources/stack/dm/dm_adv.o
    0x2000343c   0x00000018   Zero   RW         5772    .bss.dmCb           BUILD/NUCLEO_F401RE/ARMC6/mbed-os/features/FEATURE_BLE/targets/TARGET_CORDIO/stack/ble-host/sources/stack/dm/dm_main.o
    0x20003454   0x0000000c   Zero   RW         5665    .bss.dmConnActSet   BUILD/NUCLEO_F401RE/ARMC6/mbed-os/features/FEATURE_BLE/targets/TARGET_CORDIO/stack/ble-host/sources/stack/dm/dm_conn_sm.o
    0x20003460   0x000000d4   Zero   RW         5543    .bss.dmConnCb       BUILD/NUCLEO_F401RE/ARMC6/mbed-os/features/FEATURE_BLE/targets/TARGET_CORDIO/stack/ble-host/sources/stack/dm/dm_conn.o
    0x20003534   0x00000004   Zero   RW         5697    .bss.dmDevCb        BUILD/NUCLEO_F401RE/ARMC6/mbed-os/features/FEATURE_BLE/targets/TARGET_CORDIO/stack/ble-host/sources/stack/dm/dm_dev.o
    0x20003538   0x00000027   Zero   RW         5405    .bss.dmExtAdvCb     BUILD/NUCLEO_F401RE/ARMC6/mbed-os/features/FEATURE_BLE/targets/TARGET_CORDIO/stack/ble-host/sources/stack/dm/dm_adv_ae.o
    0x2000355f   0x00000001   Zero   RW         5899    .bss.dmExtScanActHciReport.filtered  BUILD/NUCLEO_F401RE/ARMC6/mbed-os/features/FEATURE_BLE/targets/TARGET_CORDIO/stack/ble-host/sources/stack/dm/dm_scan_ae.o
    0x20003560   0x00000001   Zero   RW         5900    .bss.dmExtScanActHciReport.firstFrag  BUILD/NUCLEO_F401RE/ARMC6/mbed-os/features/FEATURE_BLE/targets/TARGET_CORDIO/stack/ble-host/sources/stack/dm/dm_scan_ae.o
    0x20003561   0x00000001   Zero   RW         5446    .bss.dmLegAdvCb.0   BUILD/NUCLEO_F401RE/ARMC6/mbed-os/features/FEATURE_BLE/targets/TARGET_CORDIO/stack/ble-host/sources/stack/dm/dm_adv_leg.o
    0x20003562   0x00000012   Zero   RW         5406    .bss.dmPerAdvCb     BUILD/NUCLEO_F401RE/ARMC6/mbed-os/features/FEATURE_BLE/targets/TARGET_CORDIO/stack/ble-host/sources/stack/dm/dm_adv_ae.o
    0x20003574   0x0000001a   Zero   RW         5865    .bss.dmPrivCb       BUILD/NUCLEO_F401RE/ARMC6/mbed-os/features/FEATURE_BLE/targets/TARGET_CORDIO/stack/ble-host/sources/stack/dm/dm_priv.o
    0x2000358e   0x00000002   PAD
    0x20003590   0x00000024   Zero   RW         5879    .bss.dmScanCb       BUILD/NUCLEO_F401RE/ARMC6/mbed-os/features/FEATURE_BLE/targets/TARGET_CORDIO/stack/ble-host/sources/stack/dm/dm_scan.o
    0x200035b4   0x00000008   Zero   RW         5947    .bss.dmSecCb        BUILD/NUCLEO_F401RE/ARMC6/mbed-os/features/FEATURE_BLE/targets/TARGET_CORDIO/stack/ble-host/sources/stack/dm/dm_sec.o
    0x200035bc   0x00000004   Zero   RW         5972    .bss.dmSecOobRand   BUILD/NUCLEO_F401RE/ARMC6/mbed-os/features/FEATURE_BLE/targets/TARGET_CORDIO/stack/ble-host/sources/stack/dm/dm_sec_lesc.o
    0x200035c0   0x0000000e   Zero   RW         6037    .bss.dmSyncCb       BUILD/NUCLEO_F401RE/ARMC6/mbed-os/features/FEATURE_BLE/targets/TARGET_CORDIO/stack/ble-host/sources/stack/dm/dm_sync_ae.o
    0x200035ce   0x00000002   PAD
    0x200035d0   0x00000004   Zero   RW        24948    .bss.error_count    BUILD/NUCLEO_F401RE/ARMC6/mbed-os/platform/mbed_error.o
    0x200035d4   0x00000004   Zero   RW        24949    .bss.error_hook     BUILD/NUCLEO_F401RE/ARMC6/mbed-os/platform/mbed_error.o
    0x200035d8   0x00000001   Zero   RW        24945    .bss.error_in_progress  BUILD/NUCLEO_F401RE/ARMC6/mbed-os/platform/mbed_error.o
    0x200035d9   0x00000007   PAD
    0x200035e0   0x00000040   Zero   RW        24426    .bss.events         BUILD/NUCLEO_F401RE/ARMC6/mbed-os/hal/mbed_lp_ticker_api.o
    0x20003620   0x00000040   Zero   RW        24533    .bss.events         BUILD/NUCLEO_F401RE/ARMC6/mbed-os/hal/mbed_us_ticker_api.o
    0x20003660   0x00000054   Zero   RW        24766    .bss.fault_context  BUILD/NUCLEO_F401RE/ARMC6/mbed-os/platform/TARGET_CORTEX_M/mbed_fault_handler.o
    0x200036b4   0x00000034   Zero   RW        24947    .bss.first_error_ctx  BUILD/NUCLEO_F401RE/ARMC6/mbed-os/platform/mbed_error.o
    0x200036e8   0x00000001   Zero   RW        24950    .bss.halt_in_progress  BUILD/NUCLEO_F401RE/ARMC6/mbed-os/platform/mbed_error.o
    0x200036e9   0x00000003   PAD
    0x200036ec   0x0000001c   Zero   RW         6053    .bss.hciCb          BUILD/NUCLEO_F401RE/ARMC6/mbed-os/features/FEATURE_BLE/targets/TARGET_CORDIO/stack/ble-host/sources/stack/hci/hci_main.o
    0x20003708   0x0000001c   Zero   RW         4428    .bss.hciCmdCb       BUILD/NUCLEO_F401RE/ARMC6/mbed-os/features/FEATURE_BLE/targets/TARGET_CORDIO/stack/ble-host/sources/hci/dual_chip/hci_cmd.o
    0x20003724   0x00000094   Zero   RW         4297    .bss.hciCoreCb      BUILD/NUCLEO_F401RE/ARMC6/mbed-os/features/FEATURE_BLE/targets/TARGET_CORDIO/stack/ble-host/sources/hci/common/hci_core.o
    0x200037b8   0x00000018   Zero   RW         4683    .bss.hciEvtStats    BUILD/NUCLEO_F401RE/ARMC6/mbed-os/features/FEATURE_BLE/targets/TARGET_CORDIO/stack/ble-host/sources/hci/dual_chip/hci_evt.o
    0x200037d0   0x00000004   Zero   RW         6943    .bss.hciTrSerialRxIncoming.hdrRx  BUILD/NUCLEO_F401RE/ARMC6/mbed-os/features/FEATURE_BLE/targets/TARGET_CORDIO/stack_adaptation/hci_tr.o
    0x200037d4   0x00000002   Zero   RW         6942    .bss.hciTrSerialRxIncoming.iRx  BUILD/NUCLEO_F401RE/ARMC6/mbed-os/features/FEATURE_BLE/targets/TARGET_CORDIO/stack_adaptation/hci_tr.o
    0x200037d6   0x00000002   PAD
    0x200037d8   0x00000004   Zero   RW         6945    .bss.hciTrSerialRxIncoming.pDataRx  BUILD/NUCLEO_F401RE/ARMC6/mbed-os/features/FEATURE_BLE/targets/TARGET_CORDIO/stack_adaptation/hci_tr.o
    0x200037dc   0x00000004   Zero   RW         6944    .bss.hciTrSerialRxIncoming.pPktRx  BUILD/NUCLEO_F401RE/ARMC6/mbed-os/features/FEATURE_BLE/targets/TARGET_CORDIO/stack_adaptation/hci_tr.o
    0x200037e0   0x00000001   Zero   RW         6941    .bss.hciTrSerialRxIncoming.pktIndRx  BUILD/NUCLEO_F401RE/ARMC6/mbed-os/features/FEATURE_BLE/targets/TARGET_CORDIO/stack_adaptation/hci_tr.o
    0x200037e1   0x00000001   Zero   RW         6940    .bss.hciTrSerialRxIncoming.stateRx  BUILD/NUCLEO_F401RE/ARMC6/mbed-os/features/FEATURE_BLE/targets/TARGET_CORDIO/stack_adaptation/hci_tr.o
    0x200037e2   0x00000002   PAD
    0x200037e4   0x00000004   Zero   RW        28361    .bss.irq_handler    BUILD/NUCLEO_F401RE/ARMC6/mbed-os/targets/TARGET_STM/TARGET_STM32F4/serial_device.o
    0x200037e8   0x00000004   Zero   RW        28417    .bss.irq_handler    BUILD/NUCLEO_F401RE/ARMC6/mbed-os/targets/TARGET_STM/gpio_irq_api.o
    0x200037ec   0x00000004   Zero   RW        28622    .bss.irq_handler    BUILD/NUCLEO_F401RE/ARMC6/mbed-os/targets/TARGET_STM/rtc_api.o
    0x200037f0   0x00000028   Zero   RW         6147    .bss.l2cCb          BUILD/NUCLEO_F401RE/ARMC6/mbed-os/features/FEATURE_BLE/targets/TARGET_CORDIO/stack/ble-host/sources/stack/l2c/l2c_main.o
    0x20003818   0x00000018   Zero   RW         6170    .bss.l2cSlaveCb     BUILD/NUCLEO_F401RE/ARMC6/mbed-os/features/FEATURE_BLE/targets/TARGET_CORDIO/stack/ble-host/sources/stack/l2c/l2c_slave.o
    0x20003830   0x00000034   Zero   RW        24946    .bss.last_error_ctx  BUILD/NUCLEO_F401RE/ARMC6/mbed-os/platform/mbed_error.o
    0x20003864   0x00000060   Zero   RW         5973    .bss.localEccKey    BUILD/NUCLEO_F401RE/ARMC6/mbed-os/features/FEATURE_BLE/targets/TARGET_CORDIO/stack/ble-host/sources/stack/dm/dm_sec_lesc.o
    0x200038c4   0x00000001   Zero   RW        28621    .bss.lp_Fired       BUILD/NUCLEO_F401RE/ARMC6/mbed-os/targets/TARGET_STM/rtc_api.o
    0x200038c5   0x00000003   PAD
    0x200038c8   0x00000004   Zero   RW        25173    .bss.mbed_heap_size  BUILD/NUCLEO_F401RE/ARMC6/mbed-os/platform/mbed_retarget.o
    0x200038cc   0x00000004   Zero   RW        25172    .bss.mbed_heap_start  BUILD/NUCLEO_F401RE/ARMC6/mbed-os/platform/mbed_retarget.o
    0x200038d0   0x00000004   Zero   RW        28535    .bss.mbed_sdk_inited  BUILD/NUCLEO_F401RE/ARMC6/mbed-os/targets/TARGET_STM/mbed_overrides.o
    0x200038d4   0x00000004   Zero   RW        25429    .bss.mbed_stack_isr_size  BUILD/NUCLEO_F401RE/ARMC6/mbed-os/rtos/TARGET_CORTEX/mbed_boot.o
    0x200038d8   0x00000004   Zero   RW        25428    .bss.mbed_stack_isr_start  BUILD/NUCLEO_F401RE/ARMC6/mbed-os/rtos/TARGET_CORTEX/mbed_boot.o
    0x200038dc   0x00000040   Zero   RW        25672    .bss.os             BUILD/NUCLEO_F401RE/ARMC6/mbed-os/rtos/TARGET_CORTEX/rtx5/RTX/Source/rtx_lib.o
    0x2000391c   0x000001f0   Zero   RW        25412    .bss.os.libspace    BUILD/NUCLEO_F401RE/ARMC6/mbed-os/rtos/TARGET_CORTEX/TOOLCHAIN_ARM_STD/mbed_boot_arm_std.o
    0x20003b0c   0x00000034   Zero   RW        25682    .bss.os.msgqueue.cb  BUILD/NUCLEO_F401RE/ARMC6/mbed-os/rtos/TARGET_CORTEX/rtx5/RTX/Source/rtx_lib.o
    0x20003b40   0x00000050   Zero   RW        25683    .bss.os.msgqueue.mem  BUILD/NUCLEO_F401RE/ARMC6/mbed-os/rtos/TARGET_CORTEX/rtx5/RTX/Source/rtx_lib.o
    0x20003b90   0x00000044   Zero   RW        25440    .bss.os.thread.cb   BUILD/NUCLEO_F401RE/ARMC6/mbed-os/rtos/TARGET_CORTEX/mbed_rtos_rtx.o
    0x20003bd4   0x00000088   Zero   RW        25680    .bss.os.thread.cb   BUILD/NUCLEO_F401RE/ARMC6/mbed-os/rtos/TARGET_CORTEX/rtx5/RTX/Source/rtx_lib.o
    0x20003c5c   0x00000004   PAD
    0x20003c60   0x00000500   Zero   RW        25681    .bss.os.thread.stack  BUILD/NUCLEO_F401RE/ARMC6/mbed-os/rtos/TARGET_CORTEX/rtx5/RTX/Source/rtx_lib.o
    0x20004160   0x00000001   Zero   RW        25415    .bss.os_kernel_is_active.os_kernel_active  BUILD/NUCLEO_F401RE/ARMC6/mbed-os/rtos/TARGET_CORTEX/TOOLCHAIN_ARM_STD/mbed_boot_arm_std.o
    0x20004161   0x00000003   PAD
    0x20004164   0x0000000c   Zero   RW         5063    .bss.pAttcSignCb    BUILD/NUCLEO_F401RE/ARMC6/mbed-os/features/FEATURE_BLE/targets/TARGET_CORDIO/stack/ble-host/sources/stack/att/attc_sign.o
    0x20004170   0x000000f0   Zero   RW        29862    .bss.pc             BUILD/NUCLEO_F401RE/ARMC6/source/main.o
    0x20004260   0x00000050   Zero   RW         4746    .bss.secCb          BUILD/NUCLEO_F401RE/ARMC6/mbed-os/features/FEATURE_BLE/targets/TARGET_CORDIO/stack/ble-host/sources/sec/common/sec_main.o
    0x200042b0   0x0000000c   Zero   RW        28360    .bss.serial_irq_ids  BUILD/NUCLEO_F401RE/ARMC6/mbed-os/targets/TARGET_STM/TARGET_STM32F4/serial_device.o
    0x200042bc   0x00000010   Zero   RW        25436    .bss.singleton_mutex_attr  BUILD/NUCLEO_F401RE/ARMC6/mbed-os/rtos/TARGET_CORTEX/mbed_rtos_rtx.o
    0x200042cc   0x00000004   Zero   RW        25441    .bss.singleton_mutex_id  BUILD/NUCLEO_F401RE/ARMC6/mbed-os/rtos/TARGET_CORTEX/mbed_rtos_rtx.o
    0x200042d0   0x0000001c   Zero   RW        25437    .bss.singleton_mutex_obj  BUILD/NUCLEO_F401RE/ARMC6/mbed-os/rtos/TARGET_CORTEX/mbed_rtos_rtx.o
    0x200042ec   0x000000f0   Zero   RW         6285    .bss.smpCb          BUILD/NUCLEO_F401RE/ARMC6/mbed-os/features/FEATURE_BLE/targets/TARGET_CORDIO/stack/ble-host/sources/stack/smp/smp_main.o
    0x200043dc   0x00000058   Zero   RW         6243    .bss.smpDbCb        BUILD/NUCLEO_F401RE/ARMC6/mbed-os/features/FEATURE_BLE/targets/TARGET_CORDIO/stack/ble-host/sources/stack/smp/smp_db.o
    0x20004434   0x00000001   Zero   RW         2062    .bss.stack_handler_id  BUILD/NUCLEO_F401RE/ARMC6/mbed-os/features/FEATURE_BLE/targets/TARGET_CORDIO/source/CordioBLE.o
    0x20004435   0x00000001   Zero   RW        24396    .bss.state_saved    BUILD/NUCLEO_F401RE/ARMC6/mbed-os/hal/mbed_critical_section_api.o
    0x20004436   0x00000002   PAD
    0x20004438   0x0000004c   Zero   RW        28659    .bss.stdio_uart     BUILD/NUCLEO_F401RE/ARMC6/mbed-os/targets/TARGET_STM/serial_api.o
    0x20004484   0x00000004   Zero   RW        28657    .bss.stdio_uart_inited  BUILD/NUCLEO_F401RE/ARMC6/mbed-os/targets/TARGET_STM/serial_api.o
    0x20004488   0x00000004   Zero   RW        25474    .bss.terminate_hook  BUILD/NUCLEO_F401RE/ARMC6/mbed-os/rtos/TARGET_CORTEX/mbed_rtx_handlers.o
    0x2000448c   0x00000004   Zero   RW        28751    .bss.timer_ccr1_reg  BUILD/NUCLEO_F401RE/ARMC6/mbed-os/targets/TARGET_STM/us_ticker.o
    0x20004490   0x00000004   Zero   RW        28750    .bss.timer_cnt_reg  BUILD/NUCLEO_F401RE/ARMC6/mbed-os/targets/TARGET_STM/us_ticker.o
    0x20004494   0x00000004   Zero   RW        28752    .bss.timer_dier_reg  BUILD/NUCLEO_F401RE/ARMC6/mbed-os/targets/TARGET_STM/us_ticker.o
    0x20004498   0x000000c0   Zero   RW        28362    .bss.uart_handlers  BUILD/NUCLEO_F401RE/ARMC6/mbed-os/targets/TARGET_STM/TARGET_STM32F4/serial_device.o
    0x20004558   0x00000004   Zero   RW         6677    .bss.wsfBufMem      BUILD/NUCLEO_F401RE/ARMC6/mbed-os/features/FEATURE_BLE/targets/TARGET_CORDIO/stack/wsf/sources/port/baremetal/wsf_buf.o
    0x2000455c   0x00000004   Zero   RW         6679    .bss.wsfBufMemLen   BUILD/NUCLEO_F401RE/ARMC6/mbed-os/features/FEATURE_BLE/targets/TARGET_CORDIO/stack/wsf/sources/port/baremetal/wsf_buf.o
    0x20004560   0x00000001   Zero   RW         6678    .bss.wsfBufNumPools  BUILD/NUCLEO_F401RE/ARMC6/mbed-os/features/FEATURE_BLE/targets/TARGET_CORDIO/stack/wsf/sources/port/baremetal/wsf_buf.o
    0x20004561   0x00000003   PAD
    0x20004564   0x0000006c   Zero   RW         7038    .bss.wsfOs          BUILD/NUCLEO_F401RE/ARMC6/mbed-os/features/FEATURE_BLE/targets/TARGET_CORDIO/stack_adaptation/wsf_os.o
    0x200045d0   0x00000004   Zero   RW         6818    .bss.wsfTimerRtcLastTicks  BUILD/NUCLEO_F401RE/ARMC6/mbed-os/features/FEATURE_BLE/targets/TARGET_CORDIO/stack/wsf/sources/port/baremetal/wsf_timer.o
    0x200045d4   0x00000004   Zero   RW         6819    .bss.wsfTimerRtcRemainder  BUILD/NUCLEO_F401RE/ARMC6/mbed-os/features/FEATURE_BLE/targets/TARGET_CORDIO/stack/wsf/sources/port/baremetal/wsf_timer.o
    0x200045d8   0x00000008   Zero   RW         6817    .bss.wsfTimerTimerQueue  BUILD/NUCLEO_F401RE/ARMC6/mbed-os/features/FEATURE_BLE/targets/TARGET_CORDIO/stack/wsf/sources/port/baremetal/wsf_timer.o


    Execution Region ARM_LIB_STACK (Base: 0x20017c00, Size: 0x00000400, Max: 0x00000400, ABSOLUTE)

    Base Addr    Size         Type   Attr      Idx    E Section Name        Object

    0x20017c00   0x00000400   Zero   RW            1    ARM_LIB_STACK.bss   anon$$obj.o


==============================================================================

Image component sizes


      Code (inc. data)   RO Data    RW Data    ZI Data      Debug   

    119458       3746       9253        452      17688      92324   Object Totals
         0          0         32          0       1024          0   (incl. Generated)
       326          0         14          0         71          0   (incl. Padding)
     11494        528        555         16        348       8784   Library Totals
        20          0          3          0          0          0   (incl. Padding)

==============================================================================


      Code (inc. data)   RO Data    RW Data    ZI Data      Debug   

    130952       4274       9808        468      18036      92540   Grand Totals
    130952       4274       9808        144      18036      92540   ELF Image Totals (compressed)
    130952       4274       9808        144          0          0   ROM Totals

==============================================================================

    Total RO  Size (Code + RO Data)               140760 ( 137.46kB)
    Total RW  Size (RW Data + ZI Data)             18504 (  18.07kB)
    Total ROM Size (Code + RO Data + RW Data)     140904 ( 137.60kB)

==============================================================================

